Archive member included to satisfy reference by file (symbol)

/usr/local/Cellar/arm-none-eabi-gcc/10.3-2021.07/gcc/bin/../lib/gcc/arm-none-eabi/10.3.1/../../../../arm-none-eabi/lib/thumb/v7e-m+fp/hard/libm.a(lib_a-s_atan.o)
                              CMakeFiles/wheel_ros_car.elf.dir/HARDWARE/Src/usartx.c.obj (atan)
/usr/local/Cellar/arm-none-eabi-gcc/10.3-2021.07/gcc/bin/../lib/gcc/arm-none-eabi/10.3.1/../../../../arm-none-eabi/lib/thumb/v7e-m+fp/hard/libm.a(lib_a-s_fabs.o)
                              /usr/local/Cellar/arm-none-eabi-gcc/10.3-2021.07/gcc/bin/../lib/gcc/arm-none-eabi/10.3.1/../../../../arm-none-eabi/lib/thumb/v7e-m+fp/hard/libm.a(lib_a-s_atan.o) (fabs)
/usr/local/Cellar/arm-none-eabi-gcc/10.3-2021.07/gcc/bin/../lib/gcc/arm-none-eabi/10.3.1/../../../../arm-none-eabi/lib/thumb/v7e-m+fp/hard/libm.a(lib_a-s_tan.o)
                              CMakeFiles/wheel_ros_car.elf.dir/BALANCE/Src/balance.c.obj (tan)
/usr/local/Cellar/arm-none-eabi-gcc/10.3-2021.07/gcc/bin/../lib/gcc/arm-none-eabi/10.3.1/../../../../arm-none-eabi/lib/thumb/v7e-m+fp/hard/libm.a(lib_a-w_pow.o)
                              CMakeFiles/wheel_ros_car.elf.dir/BALANCE/Src/balance.c.obj (pow)
/usr/local/Cellar/arm-none-eabi-gcc/10.3-2021.07/gcc/bin/../lib/gcc/arm-none-eabi/10.3.1/../../../../arm-none-eabi/lib/thumb/v7e-m+fp/hard/libm.a(lib_a-e_pow.o)
                              /usr/local/Cellar/arm-none-eabi-gcc/10.3-2021.07/gcc/bin/../lib/gcc/arm-none-eabi/10.3.1/../../../../arm-none-eabi/lib/thumb/v7e-m+fp/hard/libm.a(lib_a-w_pow.o) (__ieee754_pow)
/usr/local/Cellar/arm-none-eabi-gcc/10.3-2021.07/gcc/bin/../lib/gcc/arm-none-eabi/10.3.1/../../../../arm-none-eabi/lib/thumb/v7e-m+fp/hard/libm.a(lib_a-e_rem_pio2.o)
                              /usr/local/Cellar/arm-none-eabi-gcc/10.3-2021.07/gcc/bin/../lib/gcc/arm-none-eabi/10.3.1/../../../../arm-none-eabi/lib/thumb/v7e-m+fp/hard/libm.a(lib_a-s_tan.o) (__ieee754_rem_pio2)
/usr/local/Cellar/arm-none-eabi-gcc/10.3-2021.07/gcc/bin/../lib/gcc/arm-none-eabi/10.3.1/../../../../arm-none-eabi/lib/thumb/v7e-m+fp/hard/libm.a(lib_a-e_sqrt.o)
                              /usr/local/Cellar/arm-none-eabi-gcc/10.3-2021.07/gcc/bin/../lib/gcc/arm-none-eabi/10.3.1/../../../../arm-none-eabi/lib/thumb/v7e-m+fp/hard/libm.a(lib_a-e_pow.o) (__ieee754_sqrt)
/usr/local/Cellar/arm-none-eabi-gcc/10.3-2021.07/gcc/bin/../lib/gcc/arm-none-eabi/10.3.1/../../../../arm-none-eabi/lib/thumb/v7e-m+fp/hard/libm.a(lib_a-k_rem_pio2.o)
                              /usr/local/Cellar/arm-none-eabi-gcc/10.3-2021.07/gcc/bin/../lib/gcc/arm-none-eabi/10.3.1/../../../../arm-none-eabi/lib/thumb/v7e-m+fp/hard/libm.a(lib_a-e_rem_pio2.o) (__kernel_rem_pio2)
/usr/local/Cellar/arm-none-eabi-gcc/10.3-2021.07/gcc/bin/../lib/gcc/arm-none-eabi/10.3.1/../../../../arm-none-eabi/lib/thumb/v7e-m+fp/hard/libm.a(lib_a-k_tan.o)
                              /usr/local/Cellar/arm-none-eabi-gcc/10.3-2021.07/gcc/bin/../lib/gcc/arm-none-eabi/10.3.1/../../../../arm-none-eabi/lib/thumb/v7e-m+fp/hard/libm.a(lib_a-s_tan.o) (__kernel_tan)
/usr/local/Cellar/arm-none-eabi-gcc/10.3-2021.07/gcc/bin/../lib/gcc/arm-none-eabi/10.3.1/../../../../arm-none-eabi/lib/thumb/v7e-m+fp/hard/libm.a(lib_a-math_err.o)
                              /usr/local/Cellar/arm-none-eabi-gcc/10.3-2021.07/gcc/bin/../lib/gcc/arm-none-eabi/10.3.1/../../../../arm-none-eabi/lib/thumb/v7e-m+fp/hard/libm.a(lib_a-e_pow.o) (__math_uflow)
/usr/local/Cellar/arm-none-eabi-gcc/10.3-2021.07/gcc/bin/../lib/gcc/arm-none-eabi/10.3.1/../../../../arm-none-eabi/lib/thumb/v7e-m+fp/hard/libm.a(lib_a-s_finite.o)
                              /usr/local/Cellar/arm-none-eabi-gcc/10.3-2021.07/gcc/bin/../lib/gcc/arm-none-eabi/10.3.1/../../../../arm-none-eabi/lib/thumb/v7e-m+fp/hard/libm.a(lib_a-w_pow.o) (finite)
/usr/local/Cellar/arm-none-eabi-gcc/10.3-2021.07/gcc/bin/../lib/gcc/arm-none-eabi/10.3.1/../../../../arm-none-eabi/lib/thumb/v7e-m+fp/hard/libm.a(lib_a-s_floor.o)
                              /usr/local/Cellar/arm-none-eabi-gcc/10.3-2021.07/gcc/bin/../lib/gcc/arm-none-eabi/10.3.1/../../../../arm-none-eabi/lib/thumb/v7e-m+fp/hard/libm.a(lib_a-k_rem_pio2.o) (floor)
/usr/local/Cellar/arm-none-eabi-gcc/10.3-2021.07/gcc/bin/../lib/gcc/arm-none-eabi/10.3.1/../../../../arm-none-eabi/lib/thumb/v7e-m+fp/hard/libm.a(lib_a-s_scalbn.o)
                              /usr/local/Cellar/arm-none-eabi-gcc/10.3-2021.07/gcc/bin/../lib/gcc/arm-none-eabi/10.3.1/../../../../arm-none-eabi/lib/thumb/v7e-m+fp/hard/libm.a(lib_a-e_pow.o) (scalbn)
/usr/local/Cellar/arm-none-eabi-gcc/10.3-2021.07/gcc/bin/../lib/gcc/arm-none-eabi/10.3.1/thumb/v7e-m+fp/hard/libgcc.a(_arm_muldf3.o)
                              CMakeFiles/wheel_ros_car.elf.dir/BALANCE/Src/balance.c.obj (__aeabi_dmul)
/usr/local/Cellar/arm-none-eabi-gcc/10.3-2021.07/gcc/bin/../lib/gcc/arm-none-eabi/10.3.1/thumb/v7e-m+fp/hard/libgcc.a(_arm_addsubdf3.o)
[...]
Memory Configuration

Name             Origin             Length             Attributes
RAM              0x0000000020000000 0x0000000000020000 xrw
CCMRAM           0x0000000010000000 0x0000000000010000 xrw
FLASH            0x0000000008000000 0x0000000000080000 xr
*default*        0x0000000000000000 0xffffffffffffffff

Linker script and memory map

LOAD /usr/local/Cellar/arm-none-eabi-gcc/10.3-2021.07/gcc/bin/../lib/gcc/arm-none-eabi/10.3.1/thumb/v7e-m+fp/hard/crti.o
LOAD /usr/local/Cellar/arm-none-eabi-gcc/10.3-2021.07/gcc/bin/../lib/gcc/arm-none-eabi/10.3.1/thumb/v7e-m+fp/hard/crtbegin.o
LOAD /usr/local/Cellar/arm-none-eabi-gcc/10.3-2021.07/gcc/bin/../lib/gcc/arm-none-eabi/10.3.1/../../../../arm-none-eabi/lib/thumb/v7e-m+fp/hard/crt0.o
LOAD CMakeFiles/wheel_ros_car.elf.dir/BALANCE/Src/balance.c.obj
LOAD CMakeFiles/wheel_ros_car.elf.dir/BALANCE/Src/filter.c.obj
LOAD CMakeFiles/wheel_ros_car.elf.dir/BALANCE/Src/robot_select_init.c.obj
LOAD CMakeFiles/wheel_ros_car.elf.dir/BALANCE/Src/show.c.obj
LOAD CMakeFiles/wheel_ros_car.elf.dir/BALANCE/Src/system.c.obj
LOAD CMakeFiles/wheel_ros_car.elf.dir/FWLIB/src/misc.c.obj
LOAD CMakeFiles/wheel_ros_car.elf.dir/FWLIB/src/stm32f4xx_adc.c.obj
LOAD CMakeFiles/wheel_ros_car.elf.dir/FWLIB/src/stm32f4xx_can.c.obj
LOAD CMakeFiles/wheel_ros_car.elf.dir/FWLIB/src/stm32f4xx_crc.c.obj
LOAD CMakeFiles/wheel_ros_car.elf.dir/FWLIB/src/stm32f4xx_cryp.c.obj
LOAD CMakeFiles/wheel_ros_car.elf.dir/FWLIB/src/stm32f4xx_cryp_aes.c.obj
LOAD CMakeFiles/wheel_ros_car.elf.dir/FWLIB/src/stm32f4xx_cryp_des.c.obj
LOAD CMakeFiles/wheel_ros_car.elf.dir/FWLIB/src/stm32f4xx_cryp_tdes.c.obj
LOAD CMakeFiles/wheel_ros_car.elf.dir/FWLIB/src/stm32f4xx_dac.c.obj
LOAD CMakeFiles/wheel_ros_car.elf.dir/FWLIB/src/stm32f4xx_dbgmcu.c.obj
LOAD CMakeFiles/wheel_ros_car.elf.dir/FWLIB/src/stm32f4xx_dcmi.c.obj
LOAD CMakeFiles/wheel_ros_car.elf.dir/FWLIB/src/stm32f4xx_dma.c.obj
LOAD CMakeFiles/wheel_ros_car.elf.dir/FWLIB/src/stm32f4xx_dma2d.c.obj
LOAD CMakeFiles/wheel_ros_car.elf.dir/FWLIB/src/stm32f4xx_exti.c.obj
LOAD CMakeFiles/wheel_ros_car.elf.dir/FWLIB/src/stm32f4xx_flash.c.obj
LOAD CMakeFiles/wheel_ros_car.elf.dir/FWLIB/src/stm32f4xx_flash_ramfunc.c.obj
LOAD CMakeFiles/wheel_ros_car.elf.dir/FWLIB/src/stm32f4xx_fsmc.c.obj
LOAD CMakeFiles/wheel_ros_car.elf.dir/FWLIB/src/stm32f4xx_gpio.c.obj
LOAD CMakeFiles/wheel_ros_car.elf.dir/FWLIB/src/stm32f4xx_hash.c.obj
LOAD CMakeFiles/wheel_ros_car.elf.dir/FWLIB/src/stm32f4xx_hash_md5.c.obj
LOAD CMakeFiles/wheel_ros_car.elf.dir/FWLIB/src/stm32f4xx_hash_sha1.c.obj
LOAD CMakeFiles/wheel_ros_car.elf.dir/FWLIB/src/stm32f4xx_i2c.c.obj
LOAD CMakeFiles/wheel_ros_car.elf.dir/FWLIB/src/stm32f4xx_iwdg.c.obj
LOAD CMakeFiles/wheel_ros_car.elf.dir/FWLIB/src/stm32f4xx_ltdc.c.obj
LOAD CMakeFiles/wheel_ros_car.elf.dir/FWLIB/src/stm32f4xx_pwr.c.obj
LOAD CMakeFiles/wheel_ros_car.elf.dir/FWLIB/src/stm32f4xx_rcc.c.obj
LOAD CMakeFiles/wheel_ros_car.elf.dir/FWLIB/src/stm32f4xx_rng.c.obj
LOAD CMakeFiles/wheel_ros_car.elf.dir/FWLIB/src/stm32f4xx_rtc.c.obj
LOAD CMakeFiles/wheel_ros_car.elf.dir/FWLIB/src/stm32f4xx_sai.c.obj
LOAD CMakeFiles/wheel_ros_car.elf.dir/FWLIB/src/stm32f4xx_sdio.c.obj
LOAD CMakeFiles/wheel_ros_car.elf.dir/FWLIB/src/stm32f4xx_spi.c.obj
LOAD CMakeFiles/wheel_ros_car.elf.dir/FWLIB/src/stm32f4xx_syscfg.c.obj
LOAD CMakeFiles/wheel_ros_car.elf.dir/FWLIB/src/stm32f4xx_tim.c.obj
LOAD CMakeFiles/wheel_ros_car.elf.dir/FWLIB/src/stm32f4xx_usart.c.obj
LOAD CMakeFiles/wheel_ros_car.elf.dir/FWLIB/src/stm32f4xx_wwdg.c.obj
LOAD CMakeFiles/wheel_ros_car.elf.dir/FreeRTOS/Src/croutine.c.obj
LOAD CMakeFiles/wheel_ros_car.elf.dir/FreeRTOS/Src/event_groups.c.obj
LOAD CMakeFiles/wheel_ros_car.elf.dir/FreeRTOS/Src/heap_4.c.obj
LOAD CMakeFiles/wheel_ros_car.elf.dir/FreeRTOS/Src/list.c.obj
LOAD CMakeFiles/wheel_ros_car.elf.dir/FreeRTOS/Src/port.c.obj
LOAD CMakeFiles/wheel_ros_car.elf.dir/FreeRTOS/Src/queue.c.obj
LOAD CMakeFiles/wheel_ros_car.elf.dir/FreeRTOS/Src/stream_buffer.c.obj
LOAD CMakeFiles/wheel_ros_car.elf.dir/FreeRTOS/Src/tasks.c.obj
LOAD CMakeFiles/wheel_ros_car.elf.dir/FreeRTOS/Src/timers.c.obj
LOAD CMakeFiles/wheel_ros_car.elf.dir/HARDWARE/Src/DataScope_DP.c.obj
LOAD CMakeFiles/wheel_ros_car.elf.dir/HARDWARE/Src/I2C.c.obj
LOAD CMakeFiles/wheel_ros_car.elf.dir/HARDWARE/Src/LED.c.obj
LOAD CMakeFiles/wheel_ros_car.elf.dir/HARDWARE/Src/MPU6050.c.obj
LOAD CMakeFiles/wheel_ros_car.elf.dir/HARDWARE/Src/adc.c.obj
LOAD CMakeFiles/wheel_ros_car.elf.dir/HARDWARE/Src/can.c.obj
LOAD CMakeFiles/wheel_ros_car.elf.dir/HARDWARE/Src/encoder.c.obj
LOAD CMakeFiles/wheel_ros_car.elf.dir/HARDWARE/Src/exti.c.obj
LOAD CMakeFiles/wheel_ros_car.elf.dir/HARDWARE/Src/key.c.obj
LOAD CMakeFiles/wheel_ros_car.elf.dir/HARDWARE/Src/motor.c.obj
LOAD CMakeFiles/wheel_ros_car.elf.dir/HARDWARE/Src/oled.c.obj
LOAD CMakeFiles/wheel_ros_car.elf.dir/HARDWARE/Src/pstwo.c.obj
LOAD CMakeFiles/wheel_ros_car.elf.dir/HARDWARE/Src/timer.c.obj
LOAD CMakeFiles/wheel_ros_car.elf.dir/HARDWARE/Src/usartx.c.obj
LOAD CMakeFiles/wheel_ros_car.elf.dir/SYSTEM/Src/delay.c.obj
LOAD CMakeFiles/wheel_ros_car.elf.dir/SYSTEM/Src/sys.c.obj
LOAD CMakeFiles/wheel_ros_car.elf.dir/SYSTEM/Src/usart.c.obj
LOAD CMakeFiles/wheel_ros_car.elf.dir/USER/Src/main.c.obj
LOAD CMakeFiles/wheel_ros_car.elf.dir/USER/Src/stm32f4xx_it.c.obj
LOAD CMakeFiles/wheel_ros_car.elf.dir/USER/Src/system_stm32f4xx.c.obj
LOAD CMakeFiles/wheel_ros_car.elf.dir/startup/startup_stm32f407xx.s.obj
LOAD /usr/local/Cellar/arm-none-eabi-gcc/10.3-2021.07/gcc/bin/../lib/gcc/arm-none-eabi/10.3.1/../../../../arm-none-eabi/lib/thumb/v7e-m+fp/hard/libm.a
START GROUP
LOAD /usr/local/Cellar/arm-none-eabi-gcc/10.3-2021.07/gcc/bin/../lib/gcc/arm-none-eabi/10.3.1/thumb/v7e-m+fp/hard/libgcc.a
LOAD /usr/local/Cellar/arm-none-eabi-gcc/10.3-2021.07/gcc/bin/../lib/gcc/arm-none-eabi/10.3.1/../../../../arm-none-eabi/lib/thumb/v7e-m+fp/hard/libg_nano.a
LOAD /usr/local/Cellar/arm-none-eabi-gcc/10.3-2021.07/gcc/bin/../lib/gcc/arm-none-eabi/10.3.1/../../../../arm-none-eabi/lib/thumb/v7e-m+fp/hard/libc_nano.a
END GROUP
START GROUP
LOAD /usr/local/Cellar/arm-none-eabi-gcc/10.3-2021.07/gcc/bin/../lib/gcc/arm-none-eabi/10.3.1/thumb/v7e-m+fp/hard/libgcc.a
LOAD /usr/local/Cellar/arm-none-eabi-gcc/10.3-2021.07/gcc/bin/../lib/gcc/arm-none-eabi/10.3.1/../../../../arm-none-eabi/lib/thumb/v7e-m+fp/hard/libc_nano.a
LOAD /usr/local/Cellar/arm-none-eabi-gcc/10.3-2021.07/gcc/bin/../lib/gcc/arm-none-eabi/10.3.1/../../../../arm-none-eabi/lib/thumb/v7e-m+fp/hard/libnosys.a
END GROUP
START GROUP
LOAD /usr/local/Cellar/arm-none-eabi-gcc/10.3-2021.07/gcc/bin/../lib/gcc/arm-none-eabi/10.3.1/thumb/v7e-m+fp/hard/libgcc.a
LOAD /usr/local/Cellar/arm-none-eabi-gcc/10.3-2021.07/gcc/bin/../lib/gcc/arm-none-eabi/10.3.1/../../../../arm-none-eabi/lib/thumb/v7e-m+fp/hard/libc_nano.a
LOAD /usr/local/Cellar/arm-none-eabi-gcc/10.3-2021.07/gcc/bin/../lib/gcc/arm-none-eabi/10.3.1/../../../../arm-none-eabi/lib/thumb/v7e-m+fp/hard/libnosys.a
END GROUP
LOAD /usr/local/Cellar/arm-none-eabi-gcc/10.3-2021.07/gcc/bin/../lib/gcc/arm-none-eabi/10.3.1/thumb/v7e-m+fp/hard/crtend.o
LOAD /usr/local/Cellar/arm-none-eabi-gcc/10.3-2021.07/gcc/bin/../lib/gcc/arm-none-eabi/10.3.1/thumb/v7e-m+fp/hard/crtn.o
                0x0000000020020000                _estack = 0x20020000
                0x0000000000000200                _Min_Heap_Size = 0x200
                0x0000000000000400                _Min_Stack_Size = 0x400

.isr_vector     0x0000000008000000      0x188
                0x0000000008000000                . = ALIGN (0x4)
 *(.isr_vector)
 .isr_vector    0x0000000008000000      0x188 CMakeFiles/wheel_ros_car.elf.dir/startup/startup_stm32f407xx.s.obj
                0x0000000008000000                g_pfnVectors
                0x0000000008000188                . = ALIGN (0x4)

.text           0x0000000008000190     0xe2dc
                0x0000000008000190                . = ALIGN (0x4)
 *(.text)
 .text          0x0000000008000190       0x40 /usr/local/Cellar/arm-none-eabi-gcc/10.3-2021.07/gcc/bin/../lib/gcc/arm-none-eabi/10.3.1/thumb/v7e-m+fp/hard/crtbegin.o
 .text          0x00000000080001d0      0x378 /usr/local/Cellar/arm-none-eabi-gcc/10.3-2021.07/gcc/bin/../lib/gcc/arm-none-eabi/10.3.1/thumb/v7e-m+fp/hard/libgcc.a(_arm_addsubdf3.o)
                0x00000000080001d0                __aeabi_drsub
                0x00000000080001d8                __subdf3
                0x00000000080001d8                __aeabi_dsub
                0x00000000080001dc                __aeabi_dadd
                0x00000000080001dc                __adddf3
                0x0000000008000454                __aeabi_ui2d
                0x0000000008000454                __floatunsidf
                0x0000000008000474                __floatsidf
                0x0000000008000474                __aeabi_i2d
                0x0000000008000498                __extendsfdf2
                0x0000000008000498                __aeabi_f2d
                0x00000000080004dc                __aeabi_ul2d
                0x00000000080004dc                __floatundidf
                0x00000000080004ec                __aeabi_l2d
                0x00000000080004ec                __floatdidf
 .text          0x0000000008000548      0x424 /usr/local/Cellar/arm-none-eabi-gcc/10.3-2021.07/gcc/bin/../lib/gcc/arm-none-eabi/10.3.1/thumb/v7e-m+fp/hard/libgcc.a(_arm_muldivdf3.o)
                0x0000000008000548                __aeabi_dmul
                0x0000000008000548                __muldf3
                0x000000000800079c                __aeabi_ddiv
                0x000000000800079c                __divdf3
 .text          0x000000000800096c      0x110 /usr/local/Cellar/arm-none-eabi-gcc/10.3-2021.07/gcc/bin/../lib/gcc/arm-none-eabi/10.3.1/thumb/v7e-m+fp/hard/libgcc.a(_arm_cmpdf2.o)
                0x000000000800096c                __gedf2
                0x000000000800096c                __gtdf2
                0x0000000008000974                __ledf2
                0x0000000008000974                __ltdf2
                0x000000000800097c                __cmpdf2
                0x000000000800097c                __eqdf2
                0x000000000800097c                __nedf2
                0x00000000080009f8                __aeabi_cdrcmple
                0x0000000008000a08                __aeabi_cdcmple
                0x0000000008000a08                __aeabi_cdcmpeq
                0x0000000008000a18                __aeabi_dcmpeq
                0x0000000008000a2c                __aeabi_dcmplt
                0x0000000008000a40                __aeabi_dcmple
                0x0000000008000a54                __aeabi_dcmpge
                0x0000000008000a68                __aeabi_dcmpgt
 .text          0x0000000008000a7c       0x2c /usr/local/Cellar/arm-none-eabi-gcc/10.3-2021.07/gcc/bin/../lib/gcc/arm-none-eabi/10.3.1/thumb/v7e-m+fp/hard/libgcc.a(_arm_unorddf2.o)
                0x0000000008000a7c                __aeabi_dcmpun
                0x0000000008000a7c                __unorddf2
 .text          0x0000000008000aa8       0x50 /usr/local/Cellar/arm-none-eabi-gcc/10.3-2021.07/gcc/bin/../lib/gcc/arm-none-eabi/10.3.1/thumb/v7e-m+fp/hard/libgcc.a(_arm_fixdfsi.o)
                0x0000000008000aa8                __fixdfsi
                0x0000000008000aa8                __aeabi_d2iz
 .text          0x0000000008000af8       0xa0 /usr/local/Cellar/arm-none-eabi-gcc/10.3-2021.07/gcc/bin/../lib/gcc/arm-none-eabi/10.3.1/thumb/v7e-m+fp/hard/libgcc.a(_arm_truncdfsf2.o)
                0x0000000008000af8                __aeabi_d2f
                0x0000000008000af8                __truncdfsf2
 *fill*         0x0000000008000b98        0x8 
 .text          0x0000000008000ba0       0xa0 /usr/local/Cellar/arm-none-eabi-gcc/10.3-2021.07/gcc/bin/../lib/gcc/arm-none-eabi/10.3.1/../../../../arm-none-eabi/lib/thumb/v7e-m+fp/hard/libg_nano.a(lib_a-memchr.o)
                0x0000000008000ba0                memchr
 *(.text*)
 .text.Drive_Motor
                0x0000000008000c40      0x2c0 CMakeFiles/wheel_ros_car.elf.dir/BALANCE/Src/balance.c.obj
                0x0000000008000c40                Drive_Motor
 .text.Balance_task
                0x0000000008000f00      0x1d4 CMakeFiles/wheel_ros_car.elf.dir/BALANCE/Src/balance.c.obj
                0x0000000008000f00                Balance_task
 .text.Set_Pwm  0x00000000080010d4       0xf4 CMakeFiles/wheel_ros_car.elf.dir/BALANCE/Src/balance.c.obj
                0x00000000080010d4                Set_Pwm
 .text.Limit_Pwm
                0x00000000080011c8       0xf8 CMakeFiles/wheel_ros_car.elf.dir/BALANCE/Src/balance.c.obj
                0x00000000080011c8                Limit_Pwm
 .text.target_limit_float
                0x00000000080012c0       0x52 CMakeFiles/wheel_ros_car.elf.dir/BALANCE/Src/balance.c.obj
                0x00000000080012c0                target_limit_float
 .text.target_limit_int
                0x0000000008001312       0x32 CMakeFiles/wheel_ros_car.elf.dir/BALANCE/Src/balance.c.obj
                0x0000000008001312                target_limit_int
 .text.Turn_Off
                0x0000000008001344       0x80 CMakeFiles/wheel_ros_car.elf.dir/BALANCE/Src/balance.c.obj
                0x0000000008001344                Turn_Off
 .text.Incremental_PI_A
                0x00000000080013c4       0xd8 CMakeFiles/wheel_ros_car.elf.dir/BALANCE/Src/balance.c.obj
                0x00000000080013c4                Incremental_PI_A
 .text.Incremental_PI_B
                0x000000000800149c       0xd8 CMakeFiles/wheel_ros_car.elf.dir/BALANCE/Src/balance.c.obj
                0x000000000800149c                Incremental_PI_B
 .text.Incremental_PI_C
                0x0000000008001574       0xd8 CMakeFiles/wheel_ros_car.elf.dir/BALANCE/Src/balance.c.obj
                0x0000000008001574                Incremental_PI_C
 .text.Incremental_PI_D
                0x000000000800164c       0xd8 CMakeFiles/wheel_ros_car.elf.dir/BALANCE/Src/balance.c.obj
                0x000000000800164c                Incremental_PI_D
 .text.Get_RC   0x0000000008001724      0x198 CMakeFiles/wheel_ros_car.elf.dir/BALANCE/Src/balance.c.obj
                0x0000000008001724                Get_RC
 .text.PS2_control
                0x00000000080018bc      0x20c CMakeFiles/wheel_ros_car.elf.dir/BALANCE/Src/balance.c.obj
                0x00000000080018bc                PS2_control
 .text.Remote_Control
                0x0000000008001ac8      0x244 CMakeFiles/wheel_ros_car.elf.dir/BALANCE/Src/balance.c.obj
                0x0000000008001ac8                Remote_Control
 .text.Key      0x0000000008001d0c       0x48 CMakeFiles/wheel_ros_car.elf.dir/BALANCE/Src/balance.c.obj
                0x0000000008001d0c                Key
 .text.Get_Velocity_Form_Encoder
                0x0000000008001d54      0x138 CMakeFiles/wheel_ros_car.elf.dir/BALANCE/Src/balance.c.obj
                0x0000000008001d54                Get_Velocity_Form_Encoder
 .text.float_abs
                0x0000000008001e8c       0x34 CMakeFiles/wheel_ros_car.elf.dir/BALANCE/Src/balance.c.obj
                0x0000000008001e8c                float_abs
 .text.Robot_Select
                0x0000000008001ec0      0x1fc CMakeFiles/wheel_ros_car.elf.dir/BALANCE/Src/robot_select_init.c.obj
                0x0000000008001ec0                Robot_Select
 .text.Robot_Init
                0x00000000080020bc       0xcc CMakeFiles/wheel_ros_car.elf.dir/BALANCE/Src/robot_select_init.c.obj
                0x00000000080020bc                Robot_Init
 .text.show_task
                0x0000000008002188      0x1a4 CMakeFiles/wheel_ros_car.elf.dir/BALANCE/Src/show.c.obj
                0x0000000008002188                show_task
 .text.oled_show
                0x000000000800232c      0x4a4 CMakeFiles/wheel_ros_car.elf.dir/BALANCE/Src/show.c.obj
                0x000000000800232c                oled_show
 .text.APP_Show
                0x00000000080027d0      0x15c CMakeFiles/wheel_ros_car.elf.dir/BALANCE/Src/show.c.obj
                0x00000000080027d0                APP_Show
 .text.systemInit
                0x000000000800292c       0xbe CMakeFiles/wheel_ros_car.elf.dir/BALANCE/Src/system.c.obj
                0x000000000800292c                systemInit
 *fill*         0x00000000080029ea        0x2 
 .text.NVIC_PriorityGroupConfig
                0x00000000080029ec       0x28 CMakeFiles/wheel_ros_car.elf.dir/FWLIB/src/misc.c.obj
                0x00000000080029ec                NVIC_PriorityGroupConfig
 .text.NVIC_Init
                0x0000000008002a14       0xc4 CMakeFiles/wheel_ros_car.elf.dir/FWLIB/src/misc.c.obj
                0x0000000008002a14                NVIC_Init
 .text.SysTick_CLKSourceConfig
                0x0000000008002ad8       0x38 CMakeFiles/wheel_ros_car.elf.dir/FWLIB/src/misc.c.obj
                0x0000000008002ad8                SysTick_CLKSourceConfig
 .text.ADC_Init
                0x0000000008002b10       0xac CMakeFiles/wheel_ros_car.elf.dir/FWLIB/src/stm32f4xx_adc.c.obj
                0x0000000008002b10                ADC_Init
 .text.ADC_CommonInit
                0x0000000008002bbc       0x50 CMakeFiles/wheel_ros_car.elf.dir/FWLIB/src/stm32f4xx_adc.c.obj
                0x0000000008002bbc                ADC_CommonInit
 .text.ADC_Cmd  0x0000000008002c0c       0x38 CMakeFiles/wheel_ros_car.elf.dir/FWLIB/src/stm32f4xx_adc.c.obj
                0x0000000008002c0c                ADC_Cmd
 .text.ADC_RegularChannelConfig
                0x0000000008002c44      0x194 CMakeFiles/wheel_ros_car.elf.dir/FWLIB/src/stm32f4xx_adc.c.obj
                0x0000000008002c44                ADC_RegularChannelConfig
 .text.ADC_SoftwareStartConv
                0x0000000008002dd8       0x20 CMakeFiles/wheel_ros_car.elf.dir/FWLIB/src/stm32f4xx_adc.c.obj
                0x0000000008002dd8                ADC_SoftwareStartConv
 .text.ADC_GetConversionValue
                0x0000000008002df8       0x1a CMakeFiles/wheel_ros_car.elf.dir/FWLIB/src/stm32f4xx_adc.c.obj
                0x0000000008002df8                ADC_GetConversionValue
 .text.ADC_GetFlagStatus
                0x0000000008002e12       0x34 CMakeFiles/wheel_ros_car.elf.dir/FWLIB/src/stm32f4xx_adc.c.obj
                0x0000000008002e12                ADC_GetFlagStatus
 .text.CAN_ITConfig
                0x0000000008002e46       0x3c CMakeFiles/wheel_ros_car.elf.dir/FWLIB/src/stm32f4xx_can.c.obj
                0x0000000008002e46                CAN_ITConfig
 .text.GPIO_Init
                0x0000000008002e82      0x11e CMakeFiles/wheel_ros_car.elf.dir/FWLIB/src/stm32f4xx_gpio.c.obj
                0x0000000008002e82                GPIO_Init
 .text.GPIO_SetBits
                0x0000000008002fa0       0x1e CMakeFiles/wheel_ros_car.elf.dir/FWLIB/src/stm32f4xx_gpio.c.obj
                0x0000000008002fa0                GPIO_SetBits
 .text.GPIO_WriteBit
                0x0000000008002fbe       0x30 CMakeFiles/wheel_ros_car.elf.dir/FWLIB/src/stm32f4xx_gpio.c.obj
                0x0000000008002fbe                GPIO_WriteBit
 .text.GPIO_PinAFConfig
                0x0000000008002fee       0x92 CMakeFiles/wheel_ros_car.elf.dir/FWLIB/src/stm32f4xx_gpio.c.obj
                0x0000000008002fee                GPIO_PinAFConfig
 .text.RCC_GetClocksFreq
                0x0000000008003080      0x15c CMakeFiles/wheel_ros_car.elf.dir/FWLIB/src/stm32f4xx_rcc.c.obj
                0x0000000008003080                RCC_GetClocksFreq
 .text.RCC_AHB1PeriphClockCmd
                0x00000000080031dc       0x40 CMakeFiles/wheel_ros_car.elf.dir/FWLIB/src/stm32f4xx_rcc.c.obj
                0x00000000080031dc                RCC_AHB1PeriphClockCmd
 .text.RCC_APB1PeriphClockCmd
                0x000000000800321c       0x40 CMakeFiles/wheel_ros_car.elf.dir/FWLIB/src/stm32f4xx_rcc.c.obj
                0x000000000800321c                RCC_APB1PeriphClockCmd
 .text.RCC_APB2PeriphClockCmd
                0x000000000800325c       0x40 CMakeFiles/wheel_ros_car.elf.dir/FWLIB/src/stm32f4xx_rcc.c.obj
                0x000000000800325c                RCC_APB2PeriphClockCmd
 .text.RCC_APB2PeriphResetCmd
                0x000000000800329c       0x40 CMakeFiles/wheel_ros_car.elf.dir/FWLIB/src/stm32f4xx_rcc.c.obj
                0x000000000800329c                RCC_APB2PeriphResetCmd
 .text.TIM_TimeBaseInit
                0x00000000080032dc       0xd8 CMakeFiles/wheel_ros_car.elf.dir/FWLIB/src/stm32f4xx_tim.c.obj
                0x00000000080032dc                TIM_TimeBaseInit
 .text.TIM_TimeBaseStructInit
                0x00000000080033b4       0x34 CMakeFiles/wheel_ros_car.elf.dir/FWLIB/src/stm32f4xx_tim.c.obj
                0x00000000080033b4                TIM_TimeBaseStructInit
 .text.TIM_SetCounter
                0x00000000080033e8       0x1c CMakeFiles/wheel_ros_car.elf.dir/FWLIB/src/stm32f4xx_tim.c.obj
                0x00000000080033e8                TIM_SetCounter
 .text.TIM_ARRPreloadConfig
                0x0000000008003404       0x40 CMakeFiles/wheel_ros_car.elf.dir/FWLIB/src/stm32f4xx_tim.c.obj
                0x0000000008003404                TIM_ARRPreloadConfig
 .text.TIM_Cmd  0x0000000008003444       0x40 CMakeFiles/wheel_ros_car.elf.dir/FWLIB/src/stm32f4xx_tim.c.obj
                0x0000000008003444                TIM_Cmd
 .text.TIM_OC1Init
                0x0000000008003484       0xf4 CMakeFiles/wheel_ros_car.elf.dir/FWLIB/src/stm32f4xx_tim.c.obj
                0x0000000008003484                TIM_OC1Init
 .text.TIM_OC2Init
                0x0000000008003578      0x110 CMakeFiles/wheel_ros_car.elf.dir/FWLIB/src/stm32f4xx_tim.c.obj
                0x0000000008003578                TIM_OC2Init
 .text.TIM_OC3Init
                0x0000000008003688      0x10c CMakeFiles/wheel_ros_car.elf.dir/FWLIB/src/stm32f4xx_tim.c.obj
                0x0000000008003688                TIM_OC3Init
 .text.TIM_OC4Init
                0x0000000008003794       0xd0 CMakeFiles/wheel_ros_car.elf.dir/FWLIB/src/stm32f4xx_tim.c.obj
                0x0000000008003794                TIM_OC4Init
 .text.TIM_OC1PreloadConfig
                0x0000000008003864       0x38 CMakeFiles/wheel_ros_car.elf.dir/FWLIB/src/stm32f4xx_tim.c.obj
                0x0000000008003864                TIM_OC1PreloadConfig
 .text.TIM_OC2PreloadConfig
                0x000000000800389c       0x3c CMakeFiles/wheel_ros_car.elf.dir/FWLIB/src/stm32f4xx_tim.c.obj
                0x000000000800389c                TIM_OC2PreloadConfig
 .text.TIM_OC3PreloadConfig
                0x00000000080038d8       0x38 CMakeFiles/wheel_ros_car.elf.dir/FWLIB/src/stm32f4xx_tim.c.obj
                0x00000000080038d8                TIM_OC3PreloadConfig
 .text.TIM_OC4PreloadConfig
                0x0000000008003910       0x3c CMakeFiles/wheel_ros_car.elf.dir/FWLIB/src/stm32f4xx_tim.c.obj
                0x0000000008003910                TIM_OC4PreloadConfig
 .text.TIM_OC1PolarityConfig
                0x000000000800394c       0x38 CMakeFiles/wheel_ros_car.elf.dir/FWLIB/src/stm32f4xx_tim.c.obj
                0x000000000800394c                TIM_OC1PolarityConfig
 .text.TIM_OC2PolarityConfig
                0x0000000008003984       0x3c CMakeFiles/wheel_ros_car.elf.dir/FWLIB/src/stm32f4xx_tim.c.obj
                0x0000000008003984                TIM_OC2PolarityConfig
 .text.TIM_OC3PolarityConfig
                0x00000000080039c0       0x3c CMakeFiles/wheel_ros_car.elf.dir/FWLIB/src/stm32f4xx_tim.c.obj
                0x00000000080039c0                TIM_OC3PolarityConfig
 .text.TIM_OC4PolarityConfig
                0x00000000080039fc       0x3c CMakeFiles/wheel_ros_car.elf.dir/FWLIB/src/stm32f4xx_tim.c.obj
                0x00000000080039fc                TIM_OC4PolarityConfig
 .text.TIM_ICInit
                0x0000000008003a38       0xa8 CMakeFiles/wheel_ros_car.elf.dir/FWLIB/src/stm32f4xx_tim.c.obj
                0x0000000008003a38                TIM_ICInit
 .text.TIM_ICStructInit
                0x0000000008003ae0       0x32 CMakeFiles/wheel_ros_car.elf.dir/FWLIB/src/stm32f4xx_tim.c.obj
                0x0000000008003ae0                TIM_ICStructInit
 .text.TIM_GetCapture1
                0x0000000008003b12       0x18 CMakeFiles/wheel_ros_car.elf.dir/FWLIB/src/stm32f4xx_tim.c.obj
                0x0000000008003b12                TIM_GetCapture1
 .text.TIM_GetCapture2
                0x0000000008003b2a       0x18 CMakeFiles/wheel_ros_car.elf.dir/FWLIB/src/stm32f4xx_tim.c.obj
                0x0000000008003b2a                TIM_GetCapture2
 .text.TIM_GetCapture3
                0x0000000008003b42       0x18 CMakeFiles/wheel_ros_car.elf.dir/FWLIB/src/stm32f4xx_tim.c.obj
                0x0000000008003b42                TIM_GetCapture3
 .text.TIM_GetCapture4
                0x0000000008003b5a       0x18 CMakeFiles/wheel_ros_car.elf.dir/FWLIB/src/stm32f4xx_tim.c.obj
                0x0000000008003b5a                TIM_GetCapture4
 .text.TIM_SetIC1Prescaler
                0x0000000008003b72       0x38 CMakeFiles/wheel_ros_car.elf.dir/FWLIB/src/stm32f4xx_tim.c.obj
                0x0000000008003b72                TIM_SetIC1Prescaler
 .text.TIM_SetIC2Prescaler
                0x0000000008003baa       0x3c CMakeFiles/wheel_ros_car.elf.dir/FWLIB/src/stm32f4xx_tim.c.obj
                0x0000000008003baa                TIM_SetIC2Prescaler
 .text.TIM_SetIC3Prescaler
                0x0000000008003be6       0x38 CMakeFiles/wheel_ros_car.elf.dir/FWLIB/src/stm32f4xx_tim.c.obj
                0x0000000008003be6                TIM_SetIC3Prescaler
 .text.TIM_SetIC4Prescaler
                0x0000000008003c1e       0x3c CMakeFiles/wheel_ros_car.elf.dir/FWLIB/src/stm32f4xx_tim.c.obj
                0x0000000008003c1e                TIM_SetIC4Prescaler
 .text.TIM_CtrlPWMOutputs
                0x0000000008003c5a       0x4c CMakeFiles/wheel_ros_car.elf.dir/FWLIB/src/stm32f4xx_tim.c.obj
                0x0000000008003c5a                TIM_CtrlPWMOutputs
 .text.TIM_ITConfig
                0x0000000008003ca6       0x48 CMakeFiles/wheel_ros_car.elf.dir/FWLIB/src/stm32f4xx_tim.c.obj
                0x0000000008003ca6                TIM_ITConfig
 .text.TIM_ClearFlag
                0x0000000008003cee       0x22 CMakeFiles/wheel_ros_car.elf.dir/FWLIB/src/stm32f4xx_tim.c.obj
                0x0000000008003cee                TIM_ClearFlag
 .text.TIM_GetITStatus
                0x0000000008003d10       0x54 CMakeFiles/wheel_ros_car.elf.dir/FWLIB/src/stm32f4xx_tim.c.obj
                0x0000000008003d10                TIM_GetITStatus
 .text.TIM_ClearITPendingBit
                0x0000000008003d64       0x22 CMakeFiles/wheel_ros_car.elf.dir/FWLIB/src/stm32f4xx_tim.c.obj
                0x0000000008003d64                TIM_ClearITPendingBit
 .text.TIM_EncoderInterfaceConfig
                0x0000000008003d86       0x98 CMakeFiles/wheel_ros_car.elf.dir/FWLIB/src/stm32f4xx_tim.c.obj
                0x0000000008003d86                TIM_EncoderInterfaceConfig
 .text.TI1_Config
                0x0000000008003e1e       0x86 CMakeFiles/wheel_ros_car.elf.dir/FWLIB/src/stm32f4xx_tim.c.obj
 .text.TI2_Config
                0x0000000008003ea4       0x9a CMakeFiles/wheel_ros_car.elf.dir/FWLIB/src/stm32f4xx_tim.c.obj
 .text.TI3_Config
                0x0000000008003f3e       0x90 CMakeFiles/wheel_ros_car.elf.dir/FWLIB/src/stm32f4xx_tim.c.obj
 .text.TI4_Config
                0x0000000008003fce       0x9e CMakeFiles/wheel_ros_car.elf.dir/FWLIB/src/stm32f4xx_tim.c.obj
 .text.USART_Init
                0x000000000800406c      0x174 CMakeFiles/wheel_ros_car.elf.dir/FWLIB/src/stm32f4xx_usart.c.obj
                0x000000000800406c                USART_Init
 .text.USART_Cmd
                0x00000000080041e0       0x40 CMakeFiles/wheel_ros_car.elf.dir/FWLIB/src/stm32f4xx_usart.c.obj
                0x00000000080041e0                USART_Cmd
 .text.USART_ReceiveData
                0x0000000008004220       0x20 CMakeFiles/wheel_ros_car.elf.dir/FWLIB/src/stm32f4xx_usart.c.obj
                0x0000000008004220                USART_ReceiveData
 .text.USART_ITConfig
                0x0000000008004240       0x90 CMakeFiles/wheel_ros_car.elf.dir/FWLIB/src/stm32f4xx_usart.c.obj
                0x0000000008004240                USART_ITConfig
 .text.USART_GetITStatus
                0x00000000080042d0       0xb6 CMakeFiles/wheel_ros_car.elf.dir/FWLIB/src/stm32f4xx_usart.c.obj
                0x00000000080042d0                USART_GetITStatus
 *fill*         0x0000000008004386        0x2 
 .text.pvPortMalloc
                0x0000000008004388      0x184 CMakeFiles/wheel_ros_car.elf.dir/FreeRTOS/Src/heap_4.c.obj
                0x0000000008004388                pvPortMalloc
 .text.vPortFree
                0x000000000800450c       0xac CMakeFiles/wheel_ros_car.elf.dir/FreeRTOS/Src/heap_4.c.obj
                0x000000000800450c                vPortFree
 .text.prvHeapInit
                0x00000000080045b8       0xb8 CMakeFiles/wheel_ros_car.elf.dir/FreeRTOS/Src/heap_4.c.obj
 .text.prvInsertBlockIntoFreeList
                0x0000000008004670       0xb4 CMakeFiles/wheel_ros_car.elf.dir/FreeRTOS/Src/heap_4.c.obj
 .text.vListInitialise
                0x0000000008004724       0x40 CMakeFiles/wheel_ros_car.elf.dir/FreeRTOS/Src/list.c.obj
                0x0000000008004724                vListInitialise
 .text.vListInitialiseItem
                0x0000000008004764       0x1a CMakeFiles/wheel_ros_car.elf.dir/FreeRTOS/Src/list.c.obj
                0x0000000008004764                vListInitialiseItem
 .text.vListInsertEnd
                0x000000000800477e       0x48 CMakeFiles/wheel_ros_car.elf.dir/FreeRTOS/Src/list.c.obj
                0x000000000800477e                vListInsertEnd
 .text.vListInsert
                0x00000000080047c6       0x72 CMakeFiles/wheel_ros_car.elf.dir/FreeRTOS/Src/list.c.obj
                0x00000000080047c6                vListInsert
 .text.uxListRemove
                0x0000000008004838       0x54 CMakeFiles/wheel_ros_car.elf.dir/FreeRTOS/Src/list.c.obj
                0x0000000008004838                uxListRemove
 .text.pxPortInitialiseStack
                0x000000000800488c       0x68 CMakeFiles/wheel_ros_car.elf.dir/FreeRTOS/Src/port.c.obj
                0x000000000800488c                pxPortInitialiseStack
 .text.prvTaskExitError
                0x00000000080048f4       0x50 CMakeFiles/wheel_ros_car.elf.dir/FreeRTOS/Src/port.c.obj
 *fill*         0x0000000008004944        0xc 
 .text.SVC_Handler
                0x0000000008004950       0x28 CMakeFiles/wheel_ros_car.elf.dir/FreeRTOS/Src/port.c.obj
                0x0000000008004950                SVC_Handler
 .text.prvPortStartFirstTask
                0x0000000008004978       0x2c CMakeFiles/wheel_ros_car.elf.dir/FreeRTOS/Src/port.c.obj
 .text.xPortStartScheduler
                0x00000000080049a4      0x154 CMakeFiles/wheel_ros_car.elf.dir/FreeRTOS/Src/port.c.obj
                0x00000000080049a4                xPortStartScheduler
 .text.vPortEnterCritical
                0x0000000008004af8       0x5c CMakeFiles/wheel_ros_car.elf.dir/FreeRTOS/Src/port.c.obj
                0x0000000008004af8                vPortEnterCritical
 .text.vPortExitCritical
                0x0000000008004b54       0x4c CMakeFiles/wheel_ros_car.elf.dir/FreeRTOS/Src/port.c.obj
                0x0000000008004b54                vPortExitCritical
 .text.PendSV_Handler
                0x0000000008004ba0       0x68 CMakeFiles/wheel_ros_car.elf.dir/FreeRTOS/Src/port.c.obj
                0x0000000008004ba0                PendSV_Handler
 .text.xPortSysTickHandler
                0x0000000008004c08       0x44 CMakeFiles/wheel_ros_car.elf.dir/FreeRTOS/Src/port.c.obj
                0x0000000008004c08                xPortSysTickHandler
 .text.vPortSetupTimerInterrupt
                0x0000000008004c4c       0x48 CMakeFiles/wheel_ros_car.elf.dir/FreeRTOS/Src/port.c.obj
                0x0000000008004c4c                vPortSetupTimerInterrupt
 .text.vPortEnableVFP
                0x0000000008004c94       0x18 CMakeFiles/wheel_ros_car.elf.dir/FreeRTOS/Src/port.c.obj
 .text.xQueueGenericReset
                0x0000000008004cac      0x114 CMakeFiles/wheel_ros_car.elf.dir/FreeRTOS/Src/queue.c.obj
                0x0000000008004cac                xQueueGenericReset
 .text.xQueueGenericCreate
                0x0000000008004dc0       0x9c CMakeFiles/wheel_ros_car.elf.dir/FreeRTOS/Src/queue.c.obj
                0x0000000008004dc0                xQueueGenericCreate
 .text.prvInitialiseNewQueue
                0x0000000008004e5c       0x4c CMakeFiles/wheel_ros_car.elf.dir/FreeRTOS/Src/queue.c.obj
 .text.xQueueReceive
                0x0000000008004ea8      0x1a8 CMakeFiles/wheel_ros_car.elf.dir/FreeRTOS/Src/queue.c.obj
                0x0000000008004ea8                xQueueReceive
 .text.prvCopyDataToQueue
                0x0000000008005050       0xd4 CMakeFiles/wheel_ros_car.elf.dir/FreeRTOS/Src/queue.c.obj
 .text.prvCopyDataFromQueue
                0x0000000008005124       0x4c CMakeFiles/wheel_ros_car.elf.dir/FreeRTOS/Src/queue.c.obj
 .text.prvUnlockQueue
                0x0000000008005170       0xbe CMakeFiles/wheel_ros_car.elf.dir/FreeRTOS/Src/queue.c.obj
 .text.prvIsQueueEmpty
                0x000000000800522e       0x2c CMakeFiles/wheel_ros_car.elf.dir/FreeRTOS/Src/queue.c.obj
 *fill*         0x000000000800525a        0x2 
 .text.vQueueAddToRegistry
                0x000000000800525c       0x98 CMakeFiles/wheel_ros_car.elf.dir/FreeRTOS/Src/queue.c.obj
                0x000000000800525c                vQueueAddToRegistry
 .text.vQueueWaitForMessageRestricted
                0x00000000080052f4       0x68 CMakeFiles/wheel_ros_car.elf.dir/FreeRTOS/Src/queue.c.obj
                0x00000000080052f4                vQueueWaitForMessageRestricted
 .text.prvNotifyQueueSetContainer
                0x000000000800535c       0xcc CMakeFiles/wheel_ros_car.elf.dir/FreeRTOS/Src/queue.c.obj
 .text.xTaskCreate
                0x0000000008005428       0x8c CMakeFiles/wheel_ros_car.elf.dir/FreeRTOS/Src/tasks.c.obj
                0x0000000008005428                xTaskCreate
 .text.prvInitialiseNewTask
                0x00000000080054b4      0x110 CMakeFiles/wheel_ros_car.elf.dir/FreeRTOS/Src/tasks.c.obj
 .text.prvAddNewTaskToReadyList
                0x00000000080055c4      0x12c CMakeFiles/wheel_ros_car.elf.dir/FreeRTOS/Src/tasks.c.obj
 .text.vTaskDelete
                0x00000000080056f0      0x128 CMakeFiles/wheel_ros_car.elf.dir/FreeRTOS/Src/tasks.c.obj
                0x00000000080056f0                vTaskDelete
 .text.xTaskDelayUntil
                0x0000000008005818       0xe8 CMakeFiles/wheel_ros_car.elf.dir/FreeRTOS/Src/tasks.c.obj
                0x0000000008005818                xTaskDelayUntil
 .text.vTaskDelay
                0x0000000008005900       0x68 CMakeFiles/wheel_ros_car.elf.dir/FreeRTOS/Src/tasks.c.obj
                0x0000000008005900                vTaskDelay
 .text.vTaskStartScheduler
                0x0000000008005968       0xa0 CMakeFiles/wheel_ros_car.elf.dir/FreeRTOS/Src/tasks.c.obj
                0x0000000008005968                vTaskStartScheduler
 .text.vTaskSuspendAll
                0x0000000008005a08       0x1c CMakeFiles/wheel_ros_car.elf.dir/FreeRTOS/Src/tasks.c.obj
                0x0000000008005a08                vTaskSuspendAll
 .text.xTaskResumeAll
                0x0000000008005a24      0x1f4 CMakeFiles/wheel_ros_car.elf.dir/FreeRTOS/Src/tasks.c.obj
                0x0000000008005a24                xTaskResumeAll
 .text.xTaskGetTickCount
                0x0000000008005c18       0x20 CMakeFiles/wheel_ros_car.elf.dir/FreeRTOS/Src/tasks.c.obj
                0x0000000008005c18                xTaskGetTickCount
 .text.uxTaskGetNumberOfTasks
                0x0000000008005c38       0x18 CMakeFiles/wheel_ros_car.elf.dir/FreeRTOS/Src/tasks.c.obj
                0x0000000008005c38                uxTaskGetNumberOfTasks
 .text.xTaskIncrementTick
                0x0000000008005c50      0x22c CMakeFiles/wheel_ros_car.elf.dir/FreeRTOS/Src/tasks.c.obj
                0x0000000008005c50                xTaskIncrementTick
 .text.vTaskSwitchContext
                0x0000000008005e7c       0xb0 CMakeFiles/wheel_ros_car.elf.dir/FreeRTOS/Src/tasks.c.obj
                0x0000000008005e7c                vTaskSwitchContext
 .text.vTaskPlaceOnEventList
                0x0000000008005f2c       0x48 CMakeFiles/wheel_ros_car.elf.dir/FreeRTOS/Src/tasks.c.obj
                0x0000000008005f2c                vTaskPlaceOnEventList
 .text.vTaskPlaceOnEventListRestricted
                0x0000000008005f74       0x88 CMakeFiles/wheel_ros_car.elf.dir/FreeRTOS/Src/tasks.c.obj
                0x0000000008005f74                vTaskPlaceOnEventListRestricted
 .text.xTaskRemoveFromEventList
                0x0000000008005ffc      0x1a8 CMakeFiles/wheel_ros_car.elf.dir/FreeRTOS/Src/tasks.c.obj
                0x0000000008005ffc                xTaskRemoveFromEventList
 .text.vTaskInternalSetTimeOutState
                0x00000000080061a4       0x2c CMakeFiles/wheel_ros_car.elf.dir/FreeRTOS/Src/tasks.c.obj
                0x00000000080061a4                vTaskInternalSetTimeOutState
 .text.xTaskCheckForTimeOut
                0x00000000080061d0       0xc0 CMakeFiles/wheel_ros_car.elf.dir/FreeRTOS/Src/tasks.c.obj
                0x00000000080061d0                xTaskCheckForTimeOut
 .text.vTaskMissedYield
                0x0000000008006290       0x18 CMakeFiles/wheel_ros_car.elf.dir/FreeRTOS/Src/tasks.c.obj
                0x0000000008006290                vTaskMissedYield
 .text.prvIdleTask
                0x00000000080062a8       0x30 CMakeFiles/wheel_ros_car.elf.dir/FreeRTOS/Src/tasks.c.obj
 .text.prvInitialiseTaskLists
                0x00000000080062d8       0x80 CMakeFiles/wheel_ros_car.elf.dir/FreeRTOS/Src/tasks.c.obj
 .text.prvCheckTasksWaitingTermination
                0x0000000008006358       0x5c CMakeFiles/wheel_ros_car.elf.dir/FreeRTOS/Src/tasks.c.obj
 .text.prvDeleteTCB
                0x00000000080063b4       0x20 CMakeFiles/wheel_ros_car.elf.dir/FreeRTOS/Src/tasks.c.obj
 .text.prvResetNextTaskUnblockTime
                0x00000000080063d4       0x38 CMakeFiles/wheel_ros_car.elf.dir/FreeRTOS/Src/tasks.c.obj
 .text.xTaskGetSchedulerState
                0x000000000800640c       0x3c CMakeFiles/wheel_ros_car.elf.dir/FreeRTOS/Src/tasks.c.obj
                0x000000000800640c                xTaskGetSchedulerState
 .text.xTaskPriorityDisinherit
                0x0000000008006448      0x13c CMakeFiles/wheel_ros_car.elf.dir/FreeRTOS/Src/tasks.c.obj
                0x0000000008006448                xTaskPriorityDisinherit
 .text.prvAddCurrentTaskToDelayedList
                0x0000000008006584      0x100 CMakeFiles/wheel_ros_car.elf.dir/FreeRTOS/Src/tasks.c.obj
 .text.xTimerCreateTimerTask
                0x0000000008006684       0x64 CMakeFiles/wheel_ros_car.elf.dir/FreeRTOS/Src/timers.c.obj
                0x0000000008006684                xTimerCreateTimerTask
 .text.prvReloadTimer
                0x00000000080066e8       0x42 CMakeFiles/wheel_ros_car.elf.dir/FreeRTOS/Src/timers.c.obj
 *fill*         0x000000000800672a        0x2 
 .text.prvProcessExpiredTimer
                0x000000000800672c       0x60 CMakeFiles/wheel_ros_car.elf.dir/FreeRTOS/Src/timers.c.obj
 .text.prvTimerTask
                0x000000000800678c       0x24 CMakeFiles/wheel_ros_car.elf.dir/FreeRTOS/Src/timers.c.obj
 .text.prvProcessTimerOrBlockTask
                0x00000000080067b0       0x9c CMakeFiles/wheel_ros_car.elf.dir/FreeRTOS/Src/timers.c.obj
 .text.prvGetNextExpireTime
                0x000000000800684c       0x48 CMakeFiles/wheel_ros_car.elf.dir/FreeRTOS/Src/timers.c.obj
 .text.prvSampleTimeNow
                0x0000000008006894       0x40 CMakeFiles/wheel_ros_car.elf.dir/FreeRTOS/Src/timers.c.obj
 .text.prvInsertTimerInActiveList
                0x00000000080068d4       0x84 CMakeFiles/wheel_ros_car.elf.dir/FreeRTOS/Src/timers.c.obj
 .text.prvProcessReceivedCommands
                0x0000000008006958      0x1a8 CMakeFiles/wheel_ros_car.elf.dir/FreeRTOS/Src/timers.c.obj
 .text.prvSwitchTimerLists
                0x0000000008006b00       0x4c CMakeFiles/wheel_ros_car.elf.dir/FreeRTOS/Src/timers.c.obj
 .text.prvCheckForValidListAndQueue
                0x0000000008006b4c       0x6c CMakeFiles/wheel_ros_car.elf.dir/FreeRTOS/Src/timers.c.obj
 .text.I2C_GPIOInit
                0x0000000008006bb8       0x50 CMakeFiles/wheel_ros_car.elf.dir/HARDWARE/Src/I2C.c.obj
                0x0000000008006bb8                I2C_GPIOInit
 .text.I2C_Start
                0x0000000008006c08       0x6c CMakeFiles/wheel_ros_car.elf.dir/HARDWARE/Src/I2C.c.obj
                0x0000000008006c08                I2C_Start
 .text.I2C_Stop
                0x0000000008006c74       0x50 CMakeFiles/wheel_ros_car.elf.dir/HARDWARE/Src/I2C.c.obj
                0x0000000008006c74                I2C_Stop
 .text.I2C_WaiteForAck
                0x0000000008006cc4       0x7c CMakeFiles/wheel_ros_car.elf.dir/HARDWARE/Src/I2C.c.obj
                0x0000000008006cc4                I2C_WaiteForAck
 .text.I2C_Ack  0x0000000008006d40       0x50 CMakeFiles/wheel_ros_car.elf.dir/HARDWARE/Src/I2C.c.obj
                0x0000000008006d40                I2C_Ack
 .text.I2C_NAck
                0x0000000008006d90       0x50 CMakeFiles/wheel_ros_car.elf.dir/HARDWARE/Src/I2C.c.obj
                0x0000000008006d90                I2C_NAck
 .text.I2C_WriteBits
                0x0000000008006de0       0xa0 CMakeFiles/wheel_ros_car.elf.dir/HARDWARE/Src/I2C.c.obj
                0x0000000008006de0                I2C_WriteBits
 .text.I2C_WriteByte
                0x0000000008006e80       0x80 CMakeFiles/wheel_ros_car.elf.dir/HARDWARE/Src/I2C.c.obj
                0x0000000008006e80                I2C_WriteByte
 .text.I2C_WriteOneByte
                0x0000000008006f00       0x48 CMakeFiles/wheel_ros_car.elf.dir/HARDWARE/Src/I2C.c.obj
                0x0000000008006f00                I2C_WriteOneByte
 .text.I2C_ReadByte
                0x0000000008006f48       0x94 CMakeFiles/wheel_ros_car.elf.dir/HARDWARE/Src/I2C.c.obj
                0x0000000008006f48                I2C_ReadByte
 .text.I2C_ReadOneByte
                0x0000000008006fdc       0x5e CMakeFiles/wheel_ros_car.elf.dir/HARDWARE/Src/I2C.c.obj
                0x0000000008006fdc                I2C_ReadOneByte
 *fill*         0x000000000800703a        0x2 
 .text.LED_Init
                0x000000000800703c       0x44 CMakeFiles/wheel_ros_car.elf.dir/HARDWARE/Src/LED.c.obj
                0x000000000800703c                LED_Init
 .text.Buzzer_Init
                0x0000000008007080       0x3c CMakeFiles/wheel_ros_car.elf.dir/HARDWARE/Src/LED.c.obj
                0x0000000008007080                Buzzer_Init
 .text.led_task
                0x00000000080070bc       0x28 CMakeFiles/wheel_ros_car.elf.dir/HARDWARE/Src/LED.c.obj
                0x00000000080070bc                led_task
 .text.MPU6050_task
                0x00000000080070e4       0x6c CMakeFiles/wheel_ros_car.elf.dir/HARDWARE/Src/MPU6050.c.obj
                0x00000000080070e4                MPU6050_task
 .text.MPU6050_setFullScaleGyroRange
                0x0000000008007150       0x22 CMakeFiles/wheel_ros_car.elf.dir/HARDWARE/Src/MPU6050.c.obj
                0x0000000008007150                MPU6050_setFullScaleGyroRange
 .text.MPU6050_setFullScaleAccelRange
                0x0000000008007172       0x22 CMakeFiles/wheel_ros_car.elf.dir/HARDWARE/Src/MPU6050.c.obj
                0x0000000008007172                MPU6050_setFullScaleAccelRange
 .text.MPU6050_initialize
                0x0000000008007194       0x94 CMakeFiles/wheel_ros_car.elf.dir/HARDWARE/Src/MPU6050.c.obj
                0x0000000008007194                MPU6050_initialize
 .text.MPU6050_Set_LPF
                0x0000000008007228       0x64 CMakeFiles/wheel_ros_car.elf.dir/HARDWARE/Src/MPU6050.c.obj
                0x0000000008007228                MPU6050_Set_LPF
 .text.MPU6050_Set_Rate
                0x000000000800728c       0x58 CMakeFiles/wheel_ros_car.elf.dir/HARDWARE/Src/MPU6050.c.obj
                0x000000000800728c                MPU6050_Set_Rate
 .text.MPU_Get_Gyroscope
                0x00000000080072e4      0x130 CMakeFiles/wheel_ros_car.elf.dir/HARDWARE/Src/MPU6050.c.obj
                0x00000000080072e4                MPU_Get_Gyroscope
 .text.MPU_Get_Accelscope
                0x0000000008007414      0x108 CMakeFiles/wheel_ros_car.elf.dir/HARDWARE/Src/MPU6050.c.obj
                0x0000000008007414                MPU_Get_Accelscope
 .text.Adc_Init
                0x000000000800751c       0xa0 CMakeFiles/wheel_ros_car.elf.dir/HARDWARE/Src/adc.c.obj
                0x000000000800751c                Adc_Init
 .text.Adc_POWER_Init
                0x00000000080075bc       0xa0 CMakeFiles/wheel_ros_car.elf.dir/HARDWARE/Src/adc.c.obj
                0x00000000080075bc                Adc_POWER_Init
 .text.Get_Adc  0x000000000800765c       0x40 CMakeFiles/wheel_ros_car.elf.dir/HARDWARE/Src/adc.c.obj
                0x000000000800765c                Get_Adc
 .text.Get_Adc2
                0x000000000800769c       0x40 CMakeFiles/wheel_ros_car.elf.dir/HARDWARE/Src/adc.c.obj
                0x000000000800769c                Get_Adc2
 .text.Get_adc_Average
                0x00000000080076dc       0x52 CMakeFiles/wheel_ros_car.elf.dir/HARDWARE/Src/adc.c.obj
                0x00000000080076dc                Get_adc_Average
 *fill*         0x000000000800772e        0x2 
 .text.Get_battery_volt
                0x0000000008007730       0x94 CMakeFiles/wheel_ros_car.elf.dir/HARDWARE/Src/adc.c.obj
                0x0000000008007730                Get_battery_volt
 .text.CAN1_Mode_Init
                0x00000000080077c4      0x23c CMakeFiles/wheel_ros_car.elf.dir/HARDWARE/Src/can.c.obj
                0x00000000080077c4                CAN1_Mode_Init
 .text.CAN1_Tx_Msg
                0x0000000008007a00      0x1c0 CMakeFiles/wheel_ros_car.elf.dir/HARDWARE/Src/can.c.obj
                0x0000000008007a00                CAN1_Tx_Msg
 .text.CAN1_Tx_Staus
                0x0000000008007bc0       0xd8 CMakeFiles/wheel_ros_car.elf.dir/HARDWARE/Src/can.c.obj
                0x0000000008007bc0                CAN1_Tx_Staus
 .text.CAN1_Rx_Msg
                0x0000000008007c98      0x178 CMakeFiles/wheel_ros_car.elf.dir/HARDWARE/Src/can.c.obj
                0x0000000008007c98                CAN1_Rx_Msg
 .text.CAN1_RX0_IRQHandler
                0x0000000008007e10      0x154 CMakeFiles/wheel_ros_car.elf.dir/HARDWARE/Src/can.c.obj
                0x0000000008007e10                CAN1_RX0_IRQHandler
 .text.CAN1_Send_Num
                0x0000000008007f64       0x5a CMakeFiles/wheel_ros_car.elf.dir/HARDWARE/Src/can.c.obj
                0x0000000008007f64                CAN1_Send_Num
 *fill*         0x0000000008007fbe        0x2 
 .text.Encoder_Init_TIM2
                0x0000000008007fc0       0xf8 CMakeFiles/wheel_ros_car.elf.dir/HARDWARE/Src/encoder.c.obj
                0x0000000008007fc0                Encoder_Init_TIM2
 .text.Encoder_Init_TIM3
                0x00000000080080b8       0xc8 CMakeFiles/wheel_ros_car.elf.dir/HARDWARE/Src/encoder.c.obj
                0x00000000080080b8                Encoder_Init_TIM3
 .text.Encoder_Init_TIM4
                0x0000000008008180       0xc8 CMakeFiles/wheel_ros_car.elf.dir/HARDWARE/Src/encoder.c.obj
                0x0000000008008180                Encoder_Init_TIM4
 .text.Encoder_Init_TIM5
                0x0000000008008248       0xc8 CMakeFiles/wheel_ros_car.elf.dir/HARDWARE/Src/encoder.c.obj
                0x0000000008008248                Encoder_Init_TIM5
 .text.Read_Encoder
                0x0000000008008310       0x8c CMakeFiles/wheel_ros_car.elf.dir/HARDWARE/Src/encoder.c.obj
                0x0000000008008310                Read_Encoder
 .text.TIM2_IRQHandler
                0x000000000800839c       0x28 CMakeFiles/wheel_ros_car.elf.dir/HARDWARE/Src/encoder.c.obj
                0x000000000800839c                TIM2_IRQHandler
 .text.TIM3_IRQHandler
                0x00000000080083c4       0x28 CMakeFiles/wheel_ros_car.elf.dir/HARDWARE/Src/encoder.c.obj
                0x00000000080083c4                TIM3_IRQHandler
 .text.TIM4_IRQHandler
                0x00000000080083ec       0x28 CMakeFiles/wheel_ros_car.elf.dir/HARDWARE/Src/encoder.c.obj
                0x00000000080083ec                TIM4_IRQHandler
 .text.TIM5_IRQHandler
                0x0000000008008414       0x28 CMakeFiles/wheel_ros_car.elf.dir/HARDWARE/Src/encoder.c.obj
                0x0000000008008414                TIM5_IRQHandler
 .text.TIM8_BRK_TIM12_IRQHandler
                0x000000000800843c       0x28 CMakeFiles/wheel_ros_car.elf.dir/HARDWARE/Src/encoder.c.obj
                0x000000000800843c                TIM8_BRK_TIM12_IRQHandler
 .text.KEY_Init
                0x0000000008008464       0x34 CMakeFiles/wheel_ros_car.elf.dir/HARDWARE/Src/key.c.obj
                0x0000000008008464                KEY_Init
 .text.click_N_Double_MPU6050
                0x0000000008008498      0x104 CMakeFiles/wheel_ros_car.elf.dir/HARDWARE/Src/key.c.obj
                0x0000000008008498                click_N_Double_MPU6050
 .text.Enable_Pin
                0x000000000800859c       0x34 CMakeFiles/wheel_ros_car.elf.dir/HARDWARE/Src/motor.c.obj
                0x000000000800859c                Enable_Pin
 .text.TIM1_PWM_Init
                0x00000000080085d0      0x114 CMakeFiles/wheel_ros_car.elf.dir/HARDWARE/Src/motor.c.obj
                0x00000000080085d0                TIM1_PWM_Init
 .text.TIM9_PWM_Init
                0x00000000080086e4       0xd0 CMakeFiles/wheel_ros_car.elf.dir/HARDWARE/Src/motor.c.obj
                0x00000000080086e4                TIM9_PWM_Init
 .text.TIM10_PWM_Init
                0x00000000080087b4       0xb4 CMakeFiles/wheel_ros_car.elf.dir/HARDWARE/Src/motor.c.obj
                0x00000000080087b4                TIM10_PWM_Init
 .text.TIM11_PWM_Init
                0x0000000008008868       0xbc CMakeFiles/wheel_ros_car.elf.dir/HARDWARE/Src/motor.c.obj
                0x0000000008008868                TIM11_PWM_Init
 .text.OLED_I2C_Init
                0x0000000008008924       0x54 CMakeFiles/wheel_ros_car.elf.dir/HARDWARE/Src/oled.c.obj
                0x0000000008008924                OLED_I2C_Init
 .text.OLED_I2C_Start
                0x0000000008008978       0x3c CMakeFiles/wheel_ros_car.elf.dir/HARDWARE/Src/oled.c.obj
                0x0000000008008978                OLED_I2C_Start
 .text.OLED_I2C_Stop
                0x00000000080089b4       0x30 CMakeFiles/wheel_ros_car.elf.dir/HARDWARE/Src/oled.c.obj
                0x00000000080089b4                OLED_I2C_Stop
 .text.OLED_I2C_SendByte
                0x00000000080089e4       0x78 CMakeFiles/wheel_ros_car.elf.dir/HARDWARE/Src/oled.c.obj
                0x00000000080089e4                OLED_I2C_SendByte
 .text.OLED_WriteCommand
                0x0000000008008a5c       0x2e CMakeFiles/wheel_ros_car.elf.dir/HARDWARE/Src/oled.c.obj
                0x0000000008008a5c                OLED_WriteCommand
 .text.OLED_WriteData
                0x0000000008008a8a       0x2e CMakeFiles/wheel_ros_car.elf.dir/HARDWARE/Src/oled.c.obj
                0x0000000008008a8a                OLED_WriteData
 .text.OLED_Set_Pos
                0x0000000008008ab8       0x46 CMakeFiles/wheel_ros_car.elf.dir/HARDWARE/Src/oled.c.obj
                0x0000000008008ab8                OLED_Set_Pos
 .text.OLED_Clear
                0x0000000008008afe       0x54 CMakeFiles/wheel_ros_car.elf.dir/HARDWARE/Src/oled.c.obj
                0x0000000008008afe                OLED_Clear
 *fill*         0x0000000008008b52        0x2 
 .text.OLED_ShowChar
                0x0000000008008b54       0xf4 CMakeFiles/wheel_ros_car.elf.dir/HARDWARE/Src/oled.c.obj
                0x0000000008008b54                OLED_ShowChar
 .text.OLED_ShowChar_12
                0x0000000008008c48       0x26 CMakeFiles/wheel_ros_car.elf.dir/HARDWARE/Src/oled.c.obj
                0x0000000008008c48                OLED_ShowChar_12
 .text.OLED_ShowString
                0x0000000008008c6e       0x58 CMakeFiles/wheel_ros_car.elf.dir/HARDWARE/Src/oled.c.obj
                0x0000000008008c6e                OLED_ShowString
 .text.OLED_Pow
                0x0000000008008cc6       0x32 CMakeFiles/wheel_ros_car.elf.dir/HARDWARE/Src/oled.c.obj
                0x0000000008008cc6                OLED_Pow
 .text.OLED_ShowNumber
                0x0000000008008cf8       0x84 CMakeFiles/wheel_ros_car.elf.dir/HARDWARE/Src/oled.c.obj
                0x0000000008008cf8                OLED_ShowNumber
 .text.OLED_Init
                0x0000000008008d7c       0xe0 CMakeFiles/wheel_ros_car.elf.dir/HARDWARE/Src/oled.c.obj
                0x0000000008008d7c                OLED_Init
 .text.pstwo_task
                0x0000000008008e5c       0x22 CMakeFiles/wheel_ros_car.elf.dir/HARDWARE/Src/pstwo.c.obj
                0x0000000008008e5c                pstwo_task
 *fill*         0x0000000008008e7e        0x2 
 .text.PS2_Init
                0x0000000008008e80       0x58 CMakeFiles/wheel_ros_car.elf.dir/HARDWARE/Src/pstwo.c.obj
                0x0000000008008e80                PS2_Init
 .text.PS2_Read
                0x0000000008008ed8      0x124 CMakeFiles/wheel_ros_car.elf.dir/HARDWARE/Src/pstwo.c.obj
                0x0000000008008ed8                PS2_Read
 .text.PS2_Cmd  0x0000000008008ffc       0xa0 CMakeFiles/wheel_ros_car.elf.dir/HARDWARE/Src/pstwo.c.obj
                0x0000000008008ffc                PS2_Cmd
 .text.PS2_ReadData
                0x000000000800909c       0xc4 CMakeFiles/wheel_ros_car.elf.dir/HARDWARE/Src/pstwo.c.obj
                0x000000000800909c                PS2_ReadData
 .text.PS2_DataKey
                0x0000000008009160       0x74 CMakeFiles/wheel_ros_car.elf.dir/HARDWARE/Src/pstwo.c.obj
                0x0000000008009160                PS2_DataKey
 .text.PS2_AnologData
                0x00000000080091d4       0x20 CMakeFiles/wheel_ros_car.elf.dir/HARDWARE/Src/pstwo.c.obj
                0x00000000080091d4                PS2_AnologData
 .text.PS2_ClearData
                0x00000000080091f4       0x34 CMakeFiles/wheel_ros_car.elf.dir/HARDWARE/Src/pstwo.c.obj
                0x00000000080091f4                PS2_ClearData
 .text.PS2_ShortPoll
                0x0000000008009228       0x44 CMakeFiles/wheel_ros_car.elf.dir/HARDWARE/Src/pstwo.c.obj
                0x0000000008009228                PS2_ShortPoll
 .text.PS2_EnterConfing
                0x000000000800926c       0x5c CMakeFiles/wheel_ros_car.elf.dir/HARDWARE/Src/pstwo.c.obj
                0x000000000800926c                PS2_EnterConfing
 .text.PS2_TurnOnAnalogMode
                0x00000000080092c8       0x54 CMakeFiles/wheel_ros_car.elf.dir/HARDWARE/Src/pstwo.c.obj
                0x00000000080092c8                PS2_TurnOnAnalogMode
 .text.PS2_ExitConfing
                0x000000000800931c       0x5c CMakeFiles/wheel_ros_car.elf.dir/HARDWARE/Src/pstwo.c.obj
                0x000000000800931c                PS2_ExitConfing
 .text.PS2_SetInit
                0x0000000008009378       0x20 CMakeFiles/wheel_ros_car.elf.dir/HARDWARE/Src/pstwo.c.obj
                0x0000000008009378                PS2_SetInit
 .text.TIM8_Cap_Init
                0x0000000008009398      0x154 CMakeFiles/wheel_ros_car.elf.dir/HARDWARE/Src/timer.c.obj
                0x0000000008009398                TIM8_Cap_Init
 .text.TIM8_CC_IRQHandler
                0x00000000080094ec      0x408 CMakeFiles/wheel_ros_car.elf.dir/HARDWARE/Src/timer.c.obj
                0x00000000080094ec                TIM8_CC_IRQHandler
 .text.TIM8_UP_TIM13_IRQHandler
                0x00000000080098f4       0x24 CMakeFiles/wheel_ros_car.elf.dir/HARDWARE/Src/timer.c.obj
                0x00000000080098f4                TIM8_UP_TIM13_IRQHandler
 .text.TIM12_SERVO_Init
                0x0000000008009918       0xe8 CMakeFiles/wheel_ros_car.elf.dir/HARDWARE/Src/timer.c.obj
                0x0000000008009918                TIM12_SERVO_Init
 .text.data_task
                0x0000000008009a00       0x2e CMakeFiles/wheel_ros_car.elf.dir/HARDWARE/Src/usartx.c.obj
                0x0000000008009a00                data_task
 *fill*         0x0000000008009a2e        0x2 
 .text.data_transition
                0x0000000008009a30      0x258 CMakeFiles/wheel_ros_car.elf.dir/HARDWARE/Src/usartx.c.obj
                0x0000000008009a30                data_transition
 .text.USART1_SEND
                0x0000000008009c88       0x38 CMakeFiles/wheel_ros_car.elf.dir/HARDWARE/Src/usartx.c.obj
                0x0000000008009c88                USART1_SEND
 .text.USART3_SEND
                0x0000000008009cc0       0x38 CMakeFiles/wheel_ros_car.elf.dir/HARDWARE/Src/usartx.c.obj
                0x0000000008009cc0                USART3_SEND
 .text.CAN_SEND
                0x0000000008009cf8       0xa4 CMakeFiles/wheel_ros_car.elf.dir/HARDWARE/Src/usartx.c.obj
                0x0000000008009cf8                CAN_SEND
 .text.uart1_init
                0x0000000008009d9c       0xb8 CMakeFiles/wheel_ros_car.elf.dir/HARDWARE/Src/usartx.c.obj
                0x0000000008009d9c                uart1_init
 .text.uart2_init
                0x0000000008009e54       0xb8 CMakeFiles/wheel_ros_car.elf.dir/HARDWARE/Src/usartx.c.obj
                0x0000000008009e54                uart2_init
 .text.uart3_init
                0x0000000008009f0c       0xbc CMakeFiles/wheel_ros_car.elf.dir/HARDWARE/Src/usartx.c.obj
                0x0000000008009f0c                uart3_init
 .text.USART1_IRQHandler
                0x0000000008009fc8      0x1ac CMakeFiles/wheel_ros_car.elf.dir/HARDWARE/Src/usartx.c.obj
                0x0000000008009fc8                USART1_IRQHandler
 *fill*         0x000000000800a174        0x4 
 .text.USART2_IRQHandler
                0x000000000800a178      0x368 CMakeFiles/wheel_ros_car.elf.dir/HARDWARE/Src/usartx.c.obj
                0x000000000800a178                USART2_IRQHandler
 .text.USART3_IRQHandler
                0x000000000800a4e0      0x180 CMakeFiles/wheel_ros_car.elf.dir/HARDWARE/Src/usartx.c.obj
                0x000000000800a4e0                USART3_IRQHandler
 .text.USART6_IRQHandler
                0x000000000800a660      0x174 CMakeFiles/wheel_ros_car.elf.dir/HARDWARE/Src/usartx.c.obj
                0x000000000800a660                USART6_IRQHandler
 .text.Vz_to_Akm_Angle
                0x000000000800a7d4      0x110 CMakeFiles/wheel_ros_car.elf.dir/HARDWARE/Src/usartx.c.obj
                0x000000000800a7d4                Vz_to_Akm_Angle
 *fill*         0x000000000800a8e4        0x4 
 .text.XYZ_Target_Speed_transition
                0x000000000800a8e8       0xa4 CMakeFiles/wheel_ros_car.elf.dir/HARDWARE/Src/usartx.c.obj
                0x000000000800a8e8                XYZ_Target_Speed_transition
 .text.usart1_send
                0x000000000800a98c       0x34 CMakeFiles/wheel_ros_car.elf.dir/HARDWARE/Src/usartx.c.obj
                0x000000000800a98c                usart1_send
 .text.usart3_send
                0x000000000800a9c0       0x34 CMakeFiles/wheel_ros_car.elf.dir/HARDWARE/Src/usartx.c.obj
                0x000000000800a9c0                usart3_send
 .text.Check_Sum
                0x000000000800a9f4       0x78 CMakeFiles/wheel_ros_car.elf.dir/HARDWARE/Src/usartx.c.obj
                0x000000000800a9f4                Check_Sum
 .text.SysTick_Handler
                0x000000000800aa6c       0x16 CMakeFiles/wheel_ros_car.elf.dir/SYSTEM/Src/delay.c.obj
                0x000000000800aa6c                SysTick_Handler
 *fill*         0x000000000800aa82        0x2 
 .text.getSysTickCnt
                0x000000000800aa84       0x24 CMakeFiles/wheel_ros_car.elf.dir/SYSTEM/Src/delay.c.obj
                0x000000000800aa84                getSysTickCnt
 .text.delay_init
                0x000000000800aaa8       0x60 CMakeFiles/wheel_ros_car.elf.dir/SYSTEM/Src/delay.c.obj
                0x000000000800aaa8                delay_init
 .text.delay_us
                0x000000000800ab08       0x80 CMakeFiles/wheel_ros_car.elf.dir/SYSTEM/Src/delay.c.obj
                0x000000000800ab08                delay_us
 .text.delay_ms
                0x000000000800ab88       0x60 CMakeFiles/wheel_ros_car.elf.dir/SYSTEM/Src/delay.c.obj
                0x000000000800ab88                delay_ms
 .text.main     0x000000000800abe8       0x38 CMakeFiles/wheel_ros_car.elf.dir/USER/Src/main.c.obj
                0x000000000800abe8                main
 .text.start_task
                0x000000000800ac20       0xd8 CMakeFiles/wheel_ros_car.elf.dir/USER/Src/main.c.obj
                0x000000000800ac20                start_task
 .text.NMI_Handler
                0x000000000800acf8        0xe CMakeFiles/wheel_ros_car.elf.dir/USER/Src/stm32f4xx_it.c.obj
                0x000000000800acf8                NMI_Handler
 .text.HardFault_Handler
                0x000000000800ad06        0x6 CMakeFiles/wheel_ros_car.elf.dir/USER/Src/stm32f4xx_it.c.obj
                0x000000000800ad06                HardFault_Handler
 .text.MemManage_Handler
                0x000000000800ad0c        0x6 CMakeFiles/wheel_ros_car.elf.dir/USER/Src/stm32f4xx_it.c.obj
                0x000000000800ad0c                MemManage_Handler
 .text.BusFault_Handler
                0x000000000800ad12        0x6 CMakeFiles/wheel_ros_car.elf.dir/USER/Src/stm32f4xx_it.c.obj
                0x000000000800ad12                BusFault_Handler
 .text.UsageFault_Handler
                0x000000000800ad18        0x6 CMakeFiles/wheel_ros_car.elf.dir/USER/Src/stm32f4xx_it.c.obj
                0x000000000800ad18                UsageFault_Handler
 .text.DebugMon_Handler
                0x000000000800ad1e        0xe CMakeFiles/wheel_ros_car.elf.dir/USER/Src/stm32f4xx_it.c.obj
                0x000000000800ad1e                DebugMon_Handler
 .text.SystemInit
                0x000000000800ad2c       0x6c CMakeFiles/wheel_ros_car.elf.dir/USER/Src/system_stm32f4xx.c.obj
                0x000000000800ad2c                SystemInit
 .text.SetSysClock
                0x000000000800ad98       0xf8 CMakeFiles/wheel_ros_car.elf.dir/USER/Src/system_stm32f4xx.c.obj
 .text.Reset_Handler
                0x000000000800ae90       0x50 CMakeFiles/wheel_ros_car.elf.dir/startup/startup_stm32f407xx.s.obj
                0x000000000800ae90                Reset_Handler
 .text.Default_Handler
                0x000000000800aee0        0x2 CMakeFiles/wheel_ros_car.elf.dir/startup/startup_stm32f407xx.s.obj
                0x000000000800aee0                DMA1_Stream3_IRQHandler
                0x000000000800aee0                HASH_RNG_IRQHandler
                0x000000000800aee0                EXTI2_IRQHandler
                0x000000000800aee0                TIM1_CC_IRQHandler
                0x000000000800aee0                DMA2_Stream5_IRQHandler
                0x000000000800aee0                DMA1_Stream5_IRQHandler
                0x000000000800aee0                PVD_IRQHandler
                0x000000000800aee0                SDIO_IRQHandler
                0x000000000800aee0                TAMP_STAMP_IRQHandler
                0x000000000800aee0                CAN2_RX1_IRQHandler
                0x000000000800aee0                EXTI3_IRQHandler
                0x000000000800aee0                TIM8_TRG_COM_TIM14_IRQHandler
                0x000000000800aee0                TIM1_UP_TIM10_IRQHandler
                0x000000000800aee0                I2C3_ER_IRQHandler
                0x000000000800aee0                EXTI0_IRQHandler
                0x000000000800aee0                I2C2_EV_IRQHandler
                0x000000000800aee0                DMA1_Stream2_IRQHandler
                0x000000000800aee0                FPU_IRQHandler
                0x000000000800aee0                OTG_HS_WKUP_IRQHandler
                0x000000000800aee0                CAN2_SCE_IRQHandler
                0x000000000800aee0                DMA2_Stream2_IRQHandler
                0x000000000800aee0                SPI1_IRQHandler
                0x000000000800aee0                TIM6_DAC_IRQHandler
                0x000000000800aee0                TIM1_BRK_TIM9_IRQHandler
                0x000000000800aee0                DCMI_IRQHandler
                0x000000000800aee0                CAN2_RX0_IRQHandler
                0x000000000800aee0                DMA2_Stream3_IRQHandler
                0x000000000800aee0                CAN1_RX1_IRQHandler
                0x000000000800aee0                UART5_IRQHandler
                0x000000000800aee0                DMA2_Stream0_IRQHandler
                0x000000000800aee0                I2C1_EV_IRQHandler
                0x000000000800aee0                DMA1_Stream6_IRQHandler
                0x000000000800aee0                DMA1_Stream1_IRQHandler
                0x000000000800aee0                UART4_IRQHandler
                0x000000000800aee0                RCC_IRQHandler
                0x000000000800aee0                Default_Handler
                0x000000000800aee0                EXTI15_10_IRQHandler
                0x000000000800aee0                ADC_IRQHandler
                0x000000000800aee0                DMA1_Stream7_IRQHandler
                0x000000000800aee0                TIM7_IRQHandler
                0x000000000800aee0                CAN2_TX_IRQHandler
                0x000000000800aee0                DMA2_Stream7_IRQHandler
                0x000000000800aee0                I2C3_EV_IRQHandler
                0x000000000800aee0                EXTI9_5_IRQHandler
                0x000000000800aee0                RTC_WKUP_IRQHandler
                0x000000000800aee0                ETH_WKUP_IRQHandler
                0x000000000800aee0                SPI2_IRQHandler
                0x000000000800aee0                OTG_HS_EP1_IN_IRQHandler
                0x000000000800aee0                DMA1_Stream0_IRQHandler
                0x000000000800aee0                CAN1_TX_IRQHandler
                0x000000000800aee0                EXTI4_IRQHandler
                0x000000000800aee0                FSMC_IRQHandler
                0x000000000800aee0                ETH_IRQHandler
                0x000000000800aee0                OTG_HS_EP1_OUT_IRQHandler
                0x000000000800aee0                WWDG_IRQHandler
                0x000000000800aee0                OTG_FS_WKUP_IRQHandler
                0x000000000800aee0                TIM1_TRG_COM_TIM11_IRQHandler
                0x000000000800aee0                OTG_HS_IRQHandler
                0x000000000800aee0                EXTI1_IRQHandler
                0x000000000800aee0                I2C2_ER_IRQHandler
                0x000000000800aee0                DMA2_Stream1_IRQHandler
                0x000000000800aee0                CAN1_SCE_IRQHandler
                0x000000000800aee0                FLASH_IRQHandler
                0x000000000800aee0                DMA2_Stream4_IRQHandler
                0x000000000800aee0                OTG_FS_IRQHandler
                0x000000000800aee0                SPI3_IRQHandler
                0x000000000800aee0                DMA1_Stream4_IRQHandler
                0x000000000800aee0                I2C1_ER_IRQHandler
                0x000000000800aee0                DMA2_Stream6_IRQHandler
                0x000000000800aee0                RTC_Alarm_IRQHandler
 *fill*         0x000000000800aee2        0x6 
 .text.atan     0x000000000800aee8      0x340 /usr/local/Cellar/arm-none-eabi-gcc/10.3-2021.07/gcc/bin/../lib/gcc/arm-none-eabi/10.3.1/../../../../arm-none-eabi/lib/thumb/v7e-m+fp/hard/libm.a(lib_a-s_atan.o)
                0x000000000800aee8                atan
 .text.fabs     0x000000000800b228       0x14 /usr/local/Cellar/arm-none-eabi-gcc/10.3-2021.07/gcc/bin/../lib/gcc/arm-none-eabi/10.3.1/../../../../arm-none-eabi/lib/thumb/v7e-m+fp/hard/libm.a(lib_a-s_fabs.o)
                0x000000000800b228                fabs
 *fill*         0x000000000800b23c        0x4 
 .text.tan      0x000000000800b240       0x68 /usr/local/Cellar/arm-none-eabi-gcc/10.3-2021.07/gcc/bin/../lib/gcc/arm-none-eabi/10.3.1/../../../../arm-none-eabi/lib/thumb/v7e-m+fp/hard/libm.a(lib_a-s_tan.o)
                0x000000000800b240                tan
 .text.pow      0x000000000800b2a8       0xf0 /usr/local/Cellar/arm-none-eabi-gcc/10.3-2021.07/gcc/bin/../lib/gcc/arm-none-eabi/10.3.1/../../../../arm-none-eabi/lib/thumb/v7e-m+fp/hard/libm.a(lib_a-w_pow.o)
                0x000000000800b2a8                pow
 .text.__ieee754_pow
                0x000000000800b398      0xb74 /usr/local/Cellar/arm-none-eabi-gcc/10.3-2021.07/gcc/bin/../lib/gcc/arm-none-eabi/10.3.1/../../../../arm-none-eabi/lib/thumb/v7e-m+fp/hard/libm.a(lib_a-e_pow.o)
                0x000000000800b398                __ieee754_pow
 *fill*         0x000000000800bf0c        0x4 
 .text.__ieee754_rem_pio2
                0x000000000800bf10      0x44c /usr/local/Cellar/arm-none-eabi-gcc/10.3-2021.07/gcc/bin/../lib/gcc/arm-none-eabi/10.3.1/../../../../arm-none-eabi/lib/thumb/v7e-m+fp/hard/libm.a(lib_a-e_rem_pio2.o)
                0x000000000800bf10                __ieee754_rem_pio2
 .text.__ieee754_sqrt
                0x000000000800c35c      0x198 /usr/local/Cellar/arm-none-eabi-gcc/10.3-2021.07/gcc/bin/../lib/gcc/arm-none-eabi/10.3.1/../../../../arm-none-eabi/lib/thumb/v7e-m+fp/hard/libm.a(lib_a-e_sqrt.o)
                0x000000000800c35c                __ieee754_sqrt
 *fill*         0x000000000800c4f4        0x4 
 .text.__kernel_rem_pio2
                0x000000000800c4f8      0x850 /usr/local/Cellar/arm-none-eabi-gcc/10.3-2021.07/gcc/bin/../lib/gcc/arm-none-eabi/10.3.1/../../../../arm-none-eabi/lib/thumb/v7e-m+fp/hard/libm.a(lib_a-k_rem_pio2.o)
                0x000000000800c4f8                __kernel_rem_pio2
 .text.__kernel_tan
                0x000000000800cd48      0x444 /usr/local/Cellar/arm-none-eabi-gcc/10.3-2021.07/gcc/bin/../lib/gcc/arm-none-eabi/10.3.1/../../../../arm-none-eabi/lib/thumb/v7e-m+fp/hard/libm.a(lib_a-k_tan.o)
                0x000000000800cd48                __kernel_tan
 .text.with_errno
                0x000000000800d18c       0x18 /usr/local/Cellar/arm-none-eabi-gcc/10.3-2021.07/gcc/bin/../lib/gcc/arm-none-eabi/10.3.1/../../../../arm-none-eabi/lib/thumb/v7e-m+fp/hard/libm.a(lib_a-math_err.o)
 .text.xflow    0x000000000800d1a4       0x2c /usr/local/Cellar/arm-none-eabi-gcc/10.3-2021.07/gcc/bin/../lib/gcc/arm-none-eabi/10.3.1/../../../../arm-none-eabi/lib/thumb/v7e-m+fp/hard/libm.a(lib_a-math_err.o)
 .text.__math_uflow
                0x000000000800d1d0       0x14 /usr/local/Cellar/arm-none-eabi-gcc/10.3-2021.07/gcc/bin/../lib/gcc/arm-none-eabi/10.3.1/../../../../arm-none-eabi/lib/thumb/v7e-m+fp/hard/libm.a(lib_a-math_err.o)
                0x000000000800d1d0                __math_uflow
 .text.__math_oflow
                0x000000000800d1e4       0x14 /usr/local/Cellar/arm-none-eabi-gcc/10.3-2021.07/gcc/bin/../lib/gcc/arm-none-eabi/10.3.1/../../../../arm-none-eabi/lib/thumb/v7e-m+fp/hard/libm.a(lib_a-math_err.o)
                0x000000000800d1e4                __math_oflow
 .text.finite   0x000000000800d1f8       0x18 /usr/local/Cellar/arm-none-eabi-gcc/10.3-2021.07/gcc/bin/../lib/gcc/arm-none-eabi/10.3.1/../../../../arm-none-eabi/lib/thumb/v7e-m+fp/hard/libm.a(lib_a-s_finite.o)
                0x000000000800d1f8                finite
 .text.floor    0x000000000800d210      0x108 /usr/local/Cellar/arm-none-eabi-gcc/10.3-2021.07/gcc/bin/../lib/gcc/arm-none-eabi/10.3.1/../../../../arm-none-eabi/lib/thumb/v7e-m+fp/hard/libm.a(lib_a-s_floor.o)
                0x000000000800d210                floor
 .text.scalbn   0x000000000800d318      0x124 /usr/local/Cellar/arm-none-eabi-gcc/10.3-2021.07/gcc/bin/../lib/gcc/arm-none-eabi/10.3.1/../../../../arm-none-eabi/lib/thumb/v7e-m+fp/hard/libm.a(lib_a-s_scalbn.o)
                0x000000000800d318                scalbn
 .text.__errno  0x000000000800d43c        0xc /usr/local/Cellar/arm-none-eabi-gcc/10.3-2021.07/gcc/bin/../lib/gcc/arm-none-eabi/10.3.1/../../../../arm-none-eabi/lib/thumb/v7e-m+fp/hard/libg_nano.a(lib_a-errno.o)
                0x000000000800d43c                __errno
 .text.__libc_init_array
                0x000000000800d448       0x48 /usr/local/Cellar/arm-none-eabi-gcc/10.3-2021.07/gcc/bin/../lib/gcc/arm-none-eabi/10.3.1/../../../../arm-none-eabi/lib/thumb/v7e-m+fp/hard/libg_nano.a(lib_a-init.o)
                0x000000000800d448                __libc_init_array
 .text.memcpy   0x000000000800d490       0x1c /usr/local/Cellar/arm-none-eabi-gcc/10.3-2021.07/gcc/bin/../lib/gcc/arm-none-eabi/10.3.1/../../../../arm-none-eabi/lib/thumb/v7e-m+fp/hard/libg_nano.a(lib_a-memcpy-stub.o)
                0x000000000800d490                memcpy
 .text.memset   0x000000000800d4ac       0x10 /usr/local/Cellar/arm-none-eabi-gcc/10.3-2021.07/gcc/bin/../lib/gcc/arm-none-eabi/10.3.1/../../../../arm-none-eabi/lib/thumb/v7e-m+fp/hard/libg_nano.a(lib_a-memset.o)
                0x000000000800d4ac                memset
 .text.printf   0x000000000800d4bc       0x30 /usr/local/Cellar/arm-none-eabi-gcc/10.3-2021.07/gcc/bin/../lib/gcc/arm-none-eabi/10.3.1/../../../../arm-none-eabi/lib/thumb/v7e-m+fp/hard/libg_nano.a(lib_a-printf.o)
                0x000000000800d4bc                printf
                0x000000000800d4bc                iprintf
 .text.std      0x000000000800d4ec       0x48 /usr/local/Cellar/arm-none-eabi-gcc/10.3-2021.07/gcc/bin/../lib/gcc/arm-none-eabi/10.3.1/../../../../arm-none-eabi/lib/thumb/v7e-m+fp/hard/libg_nano.a(lib_a-findfp.o)
 .text._cleanup_r
                0x000000000800d534        0xc /usr/local/Cellar/arm-none-eabi-gcc/10.3-2021.07/gcc/bin/../lib/gcc/arm-none-eabi/10.3.1/../../../../arm-none-eabi/lib/thumb/v7e-m+fp/hard/libg_nano.a(lib_a-findfp.o)
                0x000000000800d534                _cleanup_r
 .text.__sfmoreglue
                0x000000000800d540       0x2c /usr/local/Cellar/arm-none-eabi-gcc/10.3-2021.07/gcc/bin/../lib/gcc/arm-none-eabi/10.3.1/../../../../arm-none-eabi/lib/thumb/v7e-m+fp/hard/libg_nano.a(lib_a-findfp.o)
                0x000000000800d540                __sfmoreglue
 .text.__sfp_lock_acquire
                0x000000000800d56c        0xc /usr/local/Cellar/arm-none-eabi-gcc/10.3-2021.07/gcc/bin/../lib/gcc/arm-none-eabi/10.3.1/../../../../arm-none-eabi/lib/thumb/v7e-m+fp/hard/libg_nano.a(lib_a-findfp.o)
                0x000000000800d56c                __sfp_lock_acquire
 .text.__sfp_lock_release
                0x000000000800d578        0xc /usr/local/Cellar/arm-none-eabi-gcc/10.3-2021.07/gcc/bin/../lib/gcc/arm-none-eabi/10.3.1/../../../../arm-none-eabi/lib/thumb/v7e-m+fp/hard/libg_nano.a(lib_a-findfp.o)
                0x000000000800d578                __sfp_lock_release
 .text.__sinit_lock_acquire
                0x000000000800d584        0xc /usr/local/Cellar/arm-none-eabi-gcc/10.3-2021.07/gcc/bin/../lib/gcc/arm-none-eabi/10.3.1/../../../../arm-none-eabi/lib/thumb/v7e-m+fp/hard/libg_nano.a(lib_a-findfp.o)
                0x000000000800d584                __sinit_lock_acquire
 .text.__sinit_lock_release
                0x000000000800d590        0xc /usr/local/Cellar/arm-none-eabi-gcc/10.3-2021.07/gcc/bin/../lib/gcc/arm-none-eabi/10.3.1/../../../../arm-none-eabi/lib/thumb/v7e-m+fp/hard/libg_nano.a(lib_a-findfp.o)
                0x000000000800d590                __sinit_lock_release
 .text.__sinit  0x000000000800d59c       0x70 /usr/local/Cellar/arm-none-eabi-gcc/10.3-2021.07/gcc/bin/../lib/gcc/arm-none-eabi/10.3.1/../../../../arm-none-eabi/lib/thumb/v7e-m+fp/hard/libg_nano.a(lib_a-findfp.o)
                0x000000000800d59c                __sinit
 .text.__sfp    0x000000000800d60c       0x8c /usr/local/Cellar/arm-none-eabi-gcc/10.3-2021.07/gcc/bin/../lib/gcc/arm-none-eabi/10.3.1/../../../../arm-none-eabi/lib/thumb/v7e-m+fp/hard/libg_nano.a(lib_a-findfp.o)
                0x000000000800d60c                __sfp
 .text._fwalk_reent
                0x000000000800d698       0x3e /usr/local/Cellar/arm-none-eabi-gcc/10.3-2021.07/gcc/bin/../lib/gcc/arm-none-eabi/10.3.1/../../../../arm-none-eabi/lib/thumb/v7e-m+fp/hard/libg_nano.a(lib_a-fwalk.o)
                0x000000000800d698                _fwalk_reent
 .text.__retarget_lock_init_recursive
                0x000000000800d6d6        0x2 /usr/local/Cellar/arm-none-eabi-gcc/10.3-2021.07/gcc/bin/../lib/gcc/arm-none-eabi/10.3.1/../../../../arm-none-eabi/lib/thumb/v7e-m+fp/hard/libg_nano.a(lib_a-lock.o)
                0x000000000800d6d6                __retarget_lock_init_recursive
 .text.__retarget_lock_acquire_recursive
                0x000000000800d6d8        0x2 /usr/local/Cellar/arm-none-eabi-gcc/10.3-2021.07/gcc/bin/../lib/gcc/arm-none-eabi/10.3.1/../../../../arm-none-eabi/lib/thumb/v7e-m+fp/hard/libg_nano.a(lib_a-lock.o)
                0x000000000800d6d8                __retarget_lock_acquire_recursive
 .text.__retarget_lock_release_recursive
                0x000000000800d6da        0x2 /usr/local/Cellar/arm-none-eabi-gcc/10.3-2021.07/gcc/bin/../lib/gcc/arm-none-eabi/10.3.1/../../../../arm-none-eabi/lib/thumb/v7e-m+fp/hard/libg_nano.a(lib_a-lock.o)
                0x000000000800d6da                __retarget_lock_release_recursive
 .text.sbrk_aligned
                0x000000000800d6dc       0x40 /usr/local/Cellar/arm-none-eabi-gcc/10.3-2021.07/gcc/bin/../lib/gcc/arm-none-eabi/10.3.1/../../../../arm-none-eabi/lib/thumb/v7e-m+fp/hard/libg_nano.a(lib_a-nano-mallocr.o)
 .text._malloc_r
                0x000000000800d71c       0xe8 /usr/local/Cellar/arm-none-eabi-gcc/10.3-2021.07/gcc/bin/../lib/gcc/arm-none-eabi/10.3.1/../../../../arm-none-eabi/lib/thumb/v7e-m+fp/hard/libg_nano.a(lib_a-nano-mallocr.o)
                0x000000000800d71c                _malloc_r
 .text.__sfputc_r
                0x000000000800d804       0x2e /usr/local/Cellar/arm-none-eabi-gcc/10.3-2021.07/gcc/bin/../lib/gcc/arm-none-eabi/10.3.1/../../../../arm-none-eabi/lib/thumb/v7e-m+fp/hard/libg_nano.a(lib_a-nano-vfprintf.o)
 .text.__sfputs_r
                0x000000000800d832       0x24 /usr/local/Cellar/arm-none-eabi-gcc/10.3-2021.07/gcc/bin/../lib/gcc/arm-none-eabi/10.3.1/../../../../arm-none-eabi/lib/thumb/v7e-m+fp/hard/libg_nano.a(lib_a-nano-vfprintf.o)
                0x000000000800d832                __sfputs_r
 *fill*         0x000000000800d856        0x2 
 .text._vfprintf_r
                0x000000000800d858      0x260 /usr/local/Cellar/arm-none-eabi-gcc/10.3-2021.07/gcc/bin/../lib/gcc/arm-none-eabi/10.3.1/../../../../arm-none-eabi/lib/thumb/v7e-m+fp/hard/libg_nano.a(lib_a-nano-vfprintf.o)
                0x000000000800d858                _vfiprintf_r
                0x000000000800d858                _vfprintf_r
 .text._printf_common
                0x000000000800dab8       0xda /usr/local/Cellar/arm-none-eabi-gcc/10.3-2021.07/gcc/bin/../lib/gcc/arm-none-eabi/10.3.1/../../../../arm-none-eabi/lib/thumb/v7e-m+fp/hard/libg_nano.a(lib_a-nano-vfprintf_i.o)
                0x000000000800dab8                _printf_common
 *fill*         0x000000000800db92        0x2 
 .text._printf_i
                0x000000000800db94      0x24c /usr/local/Cellar/arm-none-eabi-gcc/10.3-2021.07/gcc/bin/../lib/gcc/arm-none-eabi/10.3.1/../../../../arm-none-eabi/lib/thumb/v7e-m+fp/hard/libg_nano.a(lib_a-nano-vfprintf_i.o)
                0x000000000800db94                _printf_i
 .text._sbrk_r  0x000000000800dde0       0x20 /usr/local/Cellar/arm-none-eabi-gcc/10.3-2021.07/gcc/bin/../lib/gcc/arm-none-eabi/10.3.1/../../../../arm-none-eabi/lib/thumb/v7e-m+fp/hard/libg_nano.a(lib_a-sbrkr.o)
                0x000000000800dde0                _sbrk_r
 .text.__sread  0x000000000800de00       0x22 /usr/local/Cellar/arm-none-eabi-gcc/10.3-2021.07/gcc/bin/../lib/gcc/arm-none-eabi/10.3.1/../../../../arm-none-eabi/lib/thumb/v7e-m+fp/hard/libg_nano.a(lib_a-stdio.o)
                0x000000000800de00                __sread
 .text.__swrite
                0x000000000800de22       0x38 /usr/local/Cellar/arm-none-eabi-gcc/10.3-2021.07/gcc/bin/../lib/gcc/arm-none-eabi/10.3.1/../../../../arm-none-eabi/lib/thumb/v7e-m+fp/hard/libg_nano.a(lib_a-stdio.o)
                0x000000000800de22                __swrite
 .text.__sseek  0x000000000800de5a       0x24 /usr/local/Cellar/arm-none-eabi-gcc/10.3-2021.07/gcc/bin/../lib/gcc/arm-none-eabi/10.3.1/../../../../arm-none-eabi/lib/thumb/v7e-m+fp/hard/libg_nano.a(lib_a-stdio.o)
                0x000000000800de5a                __sseek
 .text.__sclose
                0x000000000800de7e        0x8 /usr/local/Cellar/arm-none-eabi-gcc/10.3-2021.07/gcc/bin/../lib/gcc/arm-none-eabi/10.3.1/../../../../arm-none-eabi/lib/thumb/v7e-m+fp/hard/libg_nano.a(lib_a-stdio.o)
                0x000000000800de7e                __sclose
 *fill*         0x000000000800de86        0x2 
 .text.__swbuf_r
                0x000000000800de88       0xa4 /usr/local/Cellar/arm-none-eabi-gcc/10.3-2021.07/gcc/bin/../lib/gcc/arm-none-eabi/10.3.1/../../../../arm-none-eabi/lib/thumb/v7e-m+fp/hard/libg_nano.a(lib_a-wbuf.o)
                0x000000000800de88                __swbuf_r
 .text._write_r
                0x000000000800df2c       0x24 /usr/local/Cellar/arm-none-eabi-gcc/10.3-2021.07/gcc/bin/../lib/gcc/arm-none-eabi/10.3.1/../../../../arm-none-eabi/lib/thumb/v7e-m+fp/hard/libg_nano.a(lib_a-writer.o)
                0x000000000800df2c                _write_r
 .text.__swsetup_r
                0x000000000800df50       0xdc /usr/local/Cellar/arm-none-eabi-gcc/10.3-2021.07/gcc/bin/../lib/gcc/arm-none-eabi/10.3.1/../../../../arm-none-eabi/lib/thumb/v7e-m+fp/hard/libg_nano.a(lib_a-wsetup.o)
                0x000000000800df50                __swsetup_r
 .text._close_r
                0x000000000800e02c       0x20 /usr/local/Cellar/arm-none-eabi-gcc/10.3-2021.07/gcc/bin/../lib/gcc/arm-none-eabi/10.3.1/../../../../arm-none-eabi/lib/thumb/v7e-m+fp/hard/libg_nano.a(lib_a-closer.o)
                0x000000000800e02c                _close_r
 .text.__sflush_r
                0x000000000800e04c      0x10c /usr/local/Cellar/arm-none-eabi-gcc/10.3-2021.07/gcc/bin/../lib/gcc/arm-none-eabi/10.3.1/../../../../arm-none-eabi/lib/thumb/v7e-m+fp/hard/libg_nano.a(lib_a-fflush.o)
                0x000000000800e04c                __sflush_r
 .text._fflush_r
                0x000000000800e158       0x78 /usr/local/Cellar/arm-none-eabi-gcc/10.3-2021.07/gcc/bin/../lib/gcc/arm-none-eabi/10.3.1/../../../../arm-none-eabi/lib/thumb/v7e-m+fp/hard/libg_nano.a(lib_a-fflush.o)
                0x000000000800e158                _fflush_r
 .text._lseek_r
                0x000000000800e1d0       0x24 /usr/local/Cellar/arm-none-eabi-gcc/10.3-2021.07/gcc/bin/../lib/gcc/arm-none-eabi/10.3.1/../../../../arm-none-eabi/lib/thumb/v7e-m+fp/hard/libg_nano.a(lib_a-lseekr.o)
                0x000000000800e1d0                _lseek_r
 .text.__swhatbuf_r
                0x000000000800e1f4       0x4a /usr/local/Cellar/arm-none-eabi-gcc/10.3-2021.07/gcc/bin/../lib/gcc/arm-none-eabi/10.3.1/../../../../arm-none-eabi/lib/thumb/v7e-m+fp/hard/libg_nano.a(lib_a-makebuf.o)
                0x000000000800e1f4                __swhatbuf_r
 *fill*         0x000000000800e23e        0x2 
 .text.__smakebuf_r
                0x000000000800e240       0x80 /usr/local/Cellar/arm-none-eabi-gcc/10.3-2021.07/gcc/bin/../lib/gcc/arm-none-eabi/10.3.1/../../../../arm-none-eabi/lib/thumb/v7e-m+fp/hard/libg_nano.a(lib_a-makebuf.o)
                0x000000000800e240                __smakebuf_r
 .text.__malloc_lock
                0x000000000800e2c0        0xc /usr/local/Cellar/arm-none-eabi-gcc/10.3-2021.07/gcc/bin/../lib/gcc/arm-none-eabi/10.3.1/../../../../arm-none-eabi/lib/thumb/v7e-m+fp/hard/libg_nano.a(lib_a-mlock.o)
                0x000000000800e2c0                __malloc_lock
 .text.__malloc_unlock
                0x000000000800e2cc        0xc /usr/local/Cellar/arm-none-eabi-gcc/10.3-2021.07/gcc/bin/../lib/gcc/arm-none-eabi/10.3.1/../../../../arm-none-eabi/lib/thumb/v7e-m+fp/hard/libg_nano.a(lib_a-mlock.o)
                0x000000000800e2cc                __malloc_unlock
 .text._free_r  0x000000000800e2d8       0x98 /usr/local/Cellar/arm-none-eabi-gcc/10.3-2021.07/gcc/bin/../lib/gcc/arm-none-eabi/10.3.1/../../../../arm-none-eabi/lib/thumb/v7e-m+fp/hard/libg_nano.a(lib_a-nano-freer.o)
                0x000000000800e2d8                _free_r
 .text._read_r  0x000000000800e370       0x24 /usr/local/Cellar/arm-none-eabi-gcc/10.3-2021.07/gcc/bin/../lib/gcc/arm-none-eabi/10.3.1/../../../../arm-none-eabi/lib/thumb/v7e-m+fp/hard/libg_nano.a(lib_a-readr.o)
                0x000000000800e370                _read_r
 .text._fstat_r
                0x000000000800e394       0x24 /usr/local/Cellar/arm-none-eabi-gcc/10.3-2021.07/gcc/bin/../lib/gcc/arm-none-eabi/10.3.1/../../../../arm-none-eabi/lib/thumb/v7e-m+fp/hard/libg_nano.a(lib_a-fstatr.o)
                0x000000000800e394                _fstat_r
 .text._isatty_r
                0x000000000800e3b8       0x20 /usr/local/Cellar/arm-none-eabi-gcc/10.3-2021.07/gcc/bin/../lib/gcc/arm-none-eabi/10.3.1/../../../../arm-none-eabi/lib/thumb/v7e-m+fp/hard/libg_nano.a(lib_a-isattyr.o)
                0x000000000800e3b8                _isatty_r
 .text._close   0x000000000800e3d8       0x10 /usr/local/Cellar/arm-none-eabi-gcc/10.3-2021.07/gcc/bin/../lib/gcc/arm-none-eabi/10.3.1/../../../../arm-none-eabi/lib/thumb/v7e-m+fp/hard/libnosys.a(close.o)
                0x000000000800e3d8                _close
 .text._fstat   0x000000000800e3e8       0x10 /usr/local/Cellar/arm-none-eabi-gcc/10.3-2021.07/gcc/bin/../lib/gcc/arm-none-eabi/10.3.1/../../../../arm-none-eabi/lib/thumb/v7e-m+fp/hard/libnosys.a(fstat.o)
                0x000000000800e3e8                _fstat
 .text._isatty  0x000000000800e3f8       0x10 /usr/local/Cellar/arm-none-eabi-gcc/10.3-2021.07/gcc/bin/../lib/gcc/arm-none-eabi/10.3.1/../../../../arm-none-eabi/lib/thumb/v7e-m+fp/hard/libnosys.a(isatty.o)
                0x000000000800e3f8                _isatty
 .text._lseek   0x000000000800e408       0x10 /usr/local/Cellar/arm-none-eabi-gcc/10.3-2021.07/gcc/bin/../lib/gcc/arm-none-eabi/10.3.1/../../../../arm-none-eabi/lib/thumb/v7e-m+fp/hard/libnosys.a(lseek.o)
                0x000000000800e408                _lseek
 .text._read    0x000000000800e418       0x10 /usr/local/Cellar/arm-none-eabi-gcc/10.3-2021.07/gcc/bin/../lib/gcc/arm-none-eabi/10.3.1/../../../../arm-none-eabi/lib/thumb/v7e-m+fp/hard/libnosys.a(read.o)
                0x000000000800e418                _read
 .text._sbrk    0x000000000800e428       0x1c /usr/local/Cellar/arm-none-eabi-gcc/10.3-2021.07/gcc/bin/../lib/gcc/arm-none-eabi/10.3.1/../../../../arm-none-eabi/lib/thumb/v7e-m+fp/hard/libnosys.a(sbrk.o)
                0x000000000800e428                _sbrk
 .text._write   0x000000000800e444       0x10 /usr/local/Cellar/arm-none-eabi-gcc/10.3-2021.07/gcc/bin/../lib/gcc/arm-none-eabi/10.3.1/../../../../arm-none-eabi/lib/thumb/v7e-m+fp/hard/libnosys.a(write.o)
                0x000000000800e444                _write
 *(.glue_7)
 .glue_7        0x000000000800e454        0x0 linker stubs
 *(.glue_7t)
 .glue_7t       0x000000000800e454        0x0 linker stubs
 *(.eh_frame)
 .eh_frame      0x000000000800e454        0x0 /usr/local/Cellar/arm-none-eabi-gcc/10.3-2021.07/gcc/bin/../lib/gcc/arm-none-eabi/10.3.1/thumb/v7e-m+fp/hard/crtbegin.o
 *(.init)
 .init          0x000000000800e454        0x4 /usr/local/Cellar/arm-none-eabi-gcc/10.3-2021.07/gcc/bin/../lib/gcc/arm-none-eabi/10.3.1/thumb/v7e-m+fp/hard/crti.o
                0x000000000800e454                _init
 .init          0x000000000800e458        0x8 /usr/local/Cellar/arm-none-eabi-gcc/10.3-2021.07/gcc/bin/../lib/gcc/arm-none-eabi/10.3.1/thumb/v7e-m+fp/hard/crtn.o
 *(.fini)
 .fini          0x000000000800e460        0x4 /usr/local/Cellar/arm-none-eabi-gcc/10.3-2021.07/gcc/bin/../lib/gcc/arm-none-eabi/10.3.1/thumb/v7e-m+fp/hard/crti.o
                0x000000000800e460                _fini
 .fini          0x000000000800e464        0x8 /usr/local/Cellar/arm-none-eabi-gcc/10.3-2021.07/gcc/bin/../lib/gcc/arm-none-eabi/10.3.1/thumb/v7e-m+fp/hard/crtn.o
                0x000000000800e46c                . = ALIGN (0x4)
                0x000000000800e46c                _etext = .

.vfp11_veneer   0x000000000800e46c        0x0
 .vfp11_veneer  0x000000000800e46c        0x0 linker stubs

.v4_bx          0x000000000800e46c        0x0
 .v4_bx         0x000000000800e46c        0x0 linker stubs

.iplt           0x000000000800e46c        0x0
 .iplt          0x000000000800e46c        0x0 /usr/local/Cellar/arm-none-eabi-gcc/10.3-2021.07/gcc/bin/../lib/gcc/arm-none-eabi/10.3.1/thumb/v7e-m+fp/hard/crtbegin.o

.rodata         0x000000000800e470      0xd78
                0x000000000800e470                . = ALIGN (0x4)
 *(.rodata)
 .rodata        0x000000000800e470       0x9d CMakeFiles/wheel_ros_car.elf.dir/BALANCE/Src/show.c.obj
 *fill*         0x000000000800e50d        0x3 
 .rodata        0x000000000800e510       0x4e CMakeFiles/wheel_ros_car.elf.dir/FreeRTOS/Src/heap_4.c.obj
 *fill*         0x000000000800e55e        0x2 
 .rodata        0x000000000800e560       0x4a CMakeFiles/wheel_ros_car.elf.dir/FreeRTOS/Src/port.c.obj
 *fill*         0x000000000800e5aa        0x2 
 .rodata        0x000000000800e5ac       0x4e CMakeFiles/wheel_ros_car.elf.dir/FreeRTOS/Src/queue.c.obj
 *fill*         0x000000000800e5fa        0x2 
 .rodata        0x000000000800e5fc       0x67 CMakeFiles/wheel_ros_car.elf.dir/FreeRTOS/Src/tasks.c.obj
 *fill*         0x000000000800e663        0x1 
 .rodata        0x000000000800e664       0x5d CMakeFiles/wheel_ros_car.elf.dir/FreeRTOS/Src/timers.c.obj
 *fill*         0x000000000800e6c1        0x3 
 .rodata        0x000000000800e6c4       0x5a CMakeFiles/wheel_ros_car.elf.dir/USER/Src/main.c.obj
 *(.rodata*)
 *fill*         0x000000000800e71e        0x2 
 .rodata.F6x8   0x000000000800e720      0x228 CMakeFiles/wheel_ros_car.elf.dir/HARDWARE/Src/oled.c.obj
                0x000000000800e720                F6x8
 .rodata.F8X16  0x000000000800e948      0x5f0 CMakeFiles/wheel_ros_car.elf.dir/HARDWARE/Src/oled.c.obj
                0x000000000800e948                F8X16
 .rodata.atanhi
                0x000000000800ef38       0x20 /usr/local/Cellar/arm-none-eabi-gcc/10.3-2021.07/gcc/bin/../lib/gcc/arm-none-eabi/10.3.1/../../../../arm-none-eabi/lib/thumb/v7e-m+fp/hard/libm.a(lib_a-s_atan.o)
 .rodata.atanlo
                0x000000000800ef58       0x20 /usr/local/Cellar/arm-none-eabi-gcc/10.3-2021.07/gcc/bin/../lib/gcc/arm-none-eabi/10.3.1/../../../../arm-none-eabi/lib/thumb/v7e-m+fp/hard/libm.a(lib_a-s_atan.o)
 .rodata.npio2_hw
                0x000000000800ef78       0x80 /usr/local/Cellar/arm-none-eabi-gcc/10.3-2021.07/gcc/bin/../lib/gcc/arm-none-eabi/10.3.1/../../../../arm-none-eabi/lib/thumb/v7e-m+fp/hard/libm.a(lib_a-e_rem_pio2.o)
 .rodata.two_over_pi
                0x000000000800eff8      0x108 /usr/local/Cellar/arm-none-eabi-gcc/10.3-2021.07/gcc/bin/../lib/gcc/arm-none-eabi/10.3.1/../../../../arm-none-eabi/lib/thumb/v7e-m+fp/hard/libm.a(lib_a-e_rem_pio2.o)
 .rodata.PIo2   0x000000000800f100       0x40 /usr/local/Cellar/arm-none-eabi-gcc/10.3-2021.07/gcc/bin/../lib/gcc/arm-none-eabi/10.3.1/../../../../arm-none-eabi/lib/thumb/v7e-m+fp/hard/libm.a(lib_a-k_rem_pio2.o)
 .rodata.init_jk
                0x000000000800f140       0x10 /usr/local/Cellar/arm-none-eabi-gcc/10.3-2021.07/gcc/bin/../lib/gcc/arm-none-eabi/10.3.1/../../../../arm-none-eabi/lib/thumb/v7e-m+fp/hard/libm.a(lib_a-k_rem_pio2.o)
 .rodata._global_impure_ptr
                0x000000000800f150        0x4 /usr/local/Cellar/arm-none-eabi-gcc/10.3-2021.07/gcc/bin/../lib/gcc/arm-none-eabi/10.3.1/../../../../arm-none-eabi/lib/thumb/v7e-m+fp/hard/libg_nano.a(lib_a-impure.o)
                0x000000000800f150                _global_impure_ptr
 .rodata.__sf_fake_stderr
                0x000000000800f154       0x20 /usr/local/Cellar/arm-none-eabi-gcc/10.3-2021.07/gcc/bin/../lib/gcc/arm-none-eabi/10.3.1/../../../../arm-none-eabi/lib/thumb/v7e-m+fp/hard/libg_nano.a(lib_a-findfp.o)
                0x000000000800f154                __sf_fake_stderr
 .rodata.__sf_fake_stdin
                0x000000000800f174       0x20 /usr/local/Cellar/arm-none-eabi-gcc/10.3-2021.07/gcc/bin/../lib/gcc/arm-none-eabi/10.3.1/../../../../arm-none-eabi/lib/thumb/v7e-m+fp/hard/libg_nano.a(lib_a-findfp.o)
                0x000000000800f174                __sf_fake_stdin
 .rodata.__sf_fake_stdout
                0x000000000800f194       0x20 /usr/local/Cellar/arm-none-eabi-gcc/10.3-2021.07/gcc/bin/../lib/gcc/arm-none-eabi/10.3.1/../../../../arm-none-eabi/lib/thumb/v7e-m+fp/hard/libg_nano.a(lib_a-findfp.o)
                0x000000000800f194                __sf_fake_stdout
 .rodata._vfprintf_r.str1.1
                0x000000000800f1b4       0x11 /usr/local/Cellar/arm-none-eabi-gcc/10.3-2021.07/gcc/bin/../lib/gcc/arm-none-eabi/10.3.1/../../../../arm-none-eabi/lib/thumb/v7e-m+fp/hard/libg_nano.a(lib_a-nano-vfprintf.o)
 .rodata._printf_i.str1.1
                0x000000000800f1c5       0x22 /usr/local/Cellar/arm-none-eabi-gcc/10.3-2021.07/gcc/bin/../lib/gcc/arm-none-eabi/10.3.1/../../../../arm-none-eabi/lib/thumb/v7e-m+fp/hard/libg_nano.a(lib_a-nano-vfprintf_i.o)
                0x000000000800f1e8                . = ALIGN (0x4)
 *fill*         0x000000000800f1e7        0x1 

.rel.dyn        0x000000000800f1e8        0x0
 .rel.iplt      0x000000000800f1e8        0x0 /usr/local/Cellar/arm-none-eabi-gcc/10.3-2021.07/gcc/bin/../lib/gcc/arm-none-eabi/10.3.1/thumb/v7e-m+fp/hard/crtbegin.o

.ARM.extab
 *(.ARM.extab* .gnu.linkonce.armextab.*)

.ARM            0x000000000800f1e8        0x0
                0x000000000800f1e8                __exidx_start = .
 *(.ARM.exidx*)
                0x000000000800f1e8                __exidx_end = .

.preinit_array  0x000000000800f1e8        0x0
                0x000000000800f1e8                PROVIDE (__preinit_array_start = .)
 *(.preinit_array*)
                0x000000000800f1e8                PROVIDE (__preinit_array_end = .)

.init_array     0x000000000800f1e8        0x4
                0x000000000800f1e8                PROVIDE (__init_array_start = .)
 *(SORT_BY_NAME(.init_array.*))
 *(.init_array*)
 .init_array    0x000000000800f1e8        0x4 /usr/local/Cellar/arm-none-eabi-gcc/10.3-2021.07/gcc/bin/../lib/gcc/arm-none-eabi/10.3.1/thumb/v7e-m+fp/hard/crtbegin.o
                0x000000000800f1ec                PROVIDE (__init_array_end = .)

.fini_array     0x000000000800f1ec        0x4
                [!provide]                        PROVIDE (__fini_array_start = .)
 *(SORT_BY_NAME(.fini_array.*))
 *(.fini_array*)