Archive member included to satisfy reference by file (symbol)

/usr/local/Cellar/arm-none-eabi-gcc/10.3-2021.07/gcc/bin/../lib/gcc/arm-none-eabi/10.3.1/../../../../arm-none-eabi/lib/thumb/v7e-m/nofp/libg_nano.a(lib_a-exit.o)
                              /usr/local/Cellar/arm-none-eabi-gcc/10.3-2021.07/gcc/bin/../lib/gcc/arm-none-eabi/10.3.1/../../../../arm-none-eabi/lib/thumb/v7e-m/nofp/crt0.o (exit)
/usr/local/Cellar/arm-none-eabi-gcc/10.3-2021.07/gcc/bin/../lib/gcc/arm-none-eabi/10.3.1/../../../../arm-none-eabi/lib/thumb/v7e-m/nofp/libg_nano.a(lib_a-impure.o)
                              /usr/local/Cellar/arm-none-eabi-gcc/10.3-2021.07/gcc/bin/../lib/gcc/arm-none-eabi/10.3.1/../../../../arm-none-eabi/lib/thumb/v7e-m/nofp/libg_nano.a(lib_a-exit.o) (_global_impure_ptr)
/usr/local/Cellar/arm-none-eabi-gcc/10.3-2021.07/gcc/bin/../lib/gcc/arm-none-eabi/10.3.1/../../../../arm-none-eabi/lib/thumb/v7e-m/nofp/libg_nano.a(lib_a-init.o)
                              /usr/local/Cellar/arm-none-eabi-gcc/10.3-2021.07/gcc/bin/../lib/gcc/arm-none-eabi/10.3.1/../../../../arm-none-eabi/lib/thumb/v7e-m/nofp/crt0.o (__libc_init_array)
/usr/local/Cellar/arm-none-eabi-gcc/10.3-2021.07/gcc/bin/../lib/gcc/arm-none-eabi/10.3.1/../../../../arm-none-eabi/lib/thumb/v7e-m/nofp/libg_nano.a(lib_a-memset.o)
                              /usr/local/Cellar/arm-none-eabi-gcc/10.3-2021.07/gcc/bin/../lib/gcc/arm-none-eabi/10.3.1/../../../../arm-none-eabi/lib/thumb/v7e-m/nofp/crt0.o (memset)
/usr/local/Cellar/arm-none-eabi-gcc/10.3-2021.07/gcc/bin/../lib/gcc/arm-none-eabi/10.3.1/../../../../arm-none-eabi/lib/thumb/v7e-m/nofp/libg_nano.a(lib_a-sprintf.o)
                              CMakeFiles/wheel_ros_car.elf.dir/USER/Src/main.c.obj (sprintf)
/usr/local/Cellar/arm-none-eabi-gcc/10.3-2021.07/gcc/bin/../lib/gcc/arm-none-eabi/10.3.1/../../../../arm-none-eabi/lib/thumb/v7e-m/nofp/libg_nano.a(lib_a-nano-svfprintf.o)
                              /usr/local/Cellar/arm-none-eabi-gcc/10.3-2021.07/gcc/bin/../lib/gcc/arm-none-eabi/10.3.1/../../../../arm-none-eabi/lib/thumb/v7e-m/nofp/libg_nano.a(lib_a-sprintf.o) (_svfprintf_r)
/usr/local/Cellar/arm-none-eabi-gcc/10.3-2021.07/gcc/bin/../lib/gcc/arm-none-eabi/10.3.1/../../../../arm-none-eabi/lib/thumb/v7e-m/nofp/libg_nano.a(lib_a-nano-vfprintf_i.o)
                              /usr/local/Cellar/arm-none-eabi-gcc/10.3-2021.07/gcc/bin/../lib/gcc/arm-none-eabi/10.3.1/../../../../arm-none-eabi/lib/thumb/v7e-m/nofp/libg_nano.a(lib_a-nano-svfprintf.o) (_printf_i)
/usr/local/Cellar/arm-none-eabi-gcc/10.3-2021.07/gcc/bin/../lib/gcc/arm-none-eabi/10.3.1/../../../../arm-none-eabi/lib/thumb/v7e-m/nofp/libg_nano.a(lib_a-memchr.o)
                              /usr/local/Cellar/arm-none-eabi-gcc/10.3-2021.07/gcc/bin/../lib/gcc/arm-none-eabi/10.3.1/../../../../arm-none-eabi/lib/thumb/v7e-m/nofp/libg_nano.a(lib_a-nano-svfprintf.o) (memchr)
/usr/local/Cellar/arm-none-eabi-gcc/10.3-2021.07/gcc/bin/../lib/gcc/arm-none-eabi/10.3.1/../../../../arm-none-eabi/lib/thumb/v7e-m/nofp/libg_nano.a(lib_a-memcpy-stub.o)
                              /usr/local/Cellar/arm-none-eabi-gcc/10.3-2021.07/gcc/bin/../lib/gcc/arm-none-eabi/10.3.1/../../../../arm-none-eabi/lib/thumb/v7e-m/nofp/libg_nano.a(lib_a-nano-svfprintf.o) (memcpy)
/usr/local/Cellar/arm-none-eabi-gcc/10.3-2021.07/gcc/bin/../lib/gcc/arm-none-eabi/10.3.1/../../../../arm-none-eabi/lib/thumb/v7e-m/nofp/libg_nano.a(lib_a-memmove.o)
                              /usr/local/Cellar/arm-none-eabi-gcc/10.3-2021.07/gcc/bin/../lib/gcc/arm-none-eabi/10.3.1/../../../../arm-none-eabi/lib/thumb/v7e-m/nofp/libg_nano.a(lib_a-nano-svfprintf.o) (memmove)
/usr/local/Cellar/arm-none-eabi-gcc/10.3-2021.07/gcc/bin/../lib/gcc/arm-none-eabi/10.3.1/../../../../arm-none-eabi/lib/thumb/v7e-m/nofp/libg_nano.a(lib_a-nano-freer.o)
                              /usr/local/Cellar/arm-none-eabi-gcc/10.3-2021.07/gcc/bin/../lib/gcc/arm-none-eabi/10.3.1/../../../../arm-none-eabi/lib/thumb/v7e-m/nofp/libg_nano.a(lib_a-nano-svfprintf.o) (_free_r)
/usr/local/Cellar/arm-none-eabi-gcc/10.3-2021.07/gcc/bin/../lib/gcc/arm-none-eabi/10.3.1/../../../../arm-none-eabi/lib/thumb/v7e-m/nofp/libg_nano.a(lib_a-nano-mallocr.o)
                              /usr/local/Cellar/arm-none-eabi-gcc/10.3-2021.07/gcc/bin/../lib/gcc/arm-none-eabi/10.3.1/../../../../arm-none-eabi/lib/thumb/v7e-m/nofp/libg_nano.a(lib_a-nano-svfprintf.o) (_malloc_r)
/usr/local/Cellar/arm-none-eabi-gcc/10.3-2021.07/gcc/bin/../lib/gcc/arm-none-eabi/10.3.1/../../../../arm-none-eabi/lib/thumb/v7e-m/nofp/libg_nano.a(lib_a-nano-reallocr.o)
                              /usr/local/Cellar/arm-none-eabi-gcc/10.3-2021.07/gcc/bin/../lib/gcc/arm-none-eabi/10.3.1/../../../../arm-none-eabi/lib/thumb/v7e-m/nofp/libg_nano.a(lib_a-nano-svfprintf.o) (_realloc_r)
/usr/local/Cellar/arm-none-eabi-gcc/10.3-2021.07/gcc/bin/../lib/gcc/arm-none-eabi/10.3.1/../../../../arm-none-eabi/lib/thumb/v7e-m/nofp/libg_nano.a(lib_a-sbrkr.o)
[...]
Memory Configuration

Name             Origin             Length             Attributes
RAM              0x0000000020000000 0x0000000000020000 xrw
CCMRAM           0x0000000010000000 0x0000000000010000 xrw
FLASH            0x0000000008000000 0x0000000000080000 xr
*default*        0x0000000000000000 0xffffffffffffffff

Linker script and memory map

LOAD /usr/local/Cellar/arm-none-eabi-gcc/10.3-2021.07/gcc/bin/../lib/gcc/arm-none-eabi/10.3.1/thumb/v7e-m/nofp/crti.o
LOAD /usr/local/Cellar/arm-none-eabi-gcc/10.3-2021.07/gcc/bin/../lib/gcc/arm-none-eabi/10.3.1/thumb/v7e-m/nofp/crtbegin.o
LOAD /usr/local/Cellar/arm-none-eabi-gcc/10.3-2021.07/gcc/bin/../lib/gcc/arm-none-eabi/10.3.1/../../../../arm-none-eabi/lib/thumb/v7e-m/nofp/crt0.o
LOAD CMakeFiles/wheel_ros_car.elf.dir/CORE/Src/stm32f4xx_it.c.obj
LOAD CMakeFiles/wheel_ros_car.elf.dir/CORE/Src/system_stm32f4xx.c.obj
LOAD CMakeFiles/wheel_ros_car.elf.dir/FWLIB/src/misc.c.obj
LOAD CMakeFiles/wheel_ros_car.elf.dir/FWLIB/src/stm32f4xx_adc.c.obj
LOAD CMakeFiles/wheel_ros_car.elf.dir/FWLIB/src/stm32f4xx_can.c.obj
LOAD CMakeFiles/wheel_ros_car.elf.dir/FWLIB/src/stm32f4xx_crc.c.obj
LOAD CMakeFiles/wheel_ros_car.elf.dir/FWLIB/src/stm32f4xx_cryp.c.obj
LOAD CMakeFiles/wheel_ros_car.elf.dir/FWLIB/src/stm32f4xx_cryp_aes.c.obj
LOAD CMakeFiles/wheel_ros_car.elf.dir/FWLIB/src/stm32f4xx_cryp_des.c.obj
LOAD CMakeFiles/wheel_ros_car.elf.dir/FWLIB/src/stm32f4xx_cryp_tdes.c.obj
LOAD CMakeFiles/wheel_ros_car.elf.dir/FWLIB/src/stm32f4xx_dac.c.obj
LOAD CMakeFiles/wheel_ros_car.elf.dir/FWLIB/src/stm32f4xx_dbgmcu.c.obj
LOAD CMakeFiles/wheel_ros_car.elf.dir/FWLIB/src/stm32f4xx_dcmi.c.obj
LOAD CMakeFiles/wheel_ros_car.elf.dir/FWLIB/src/stm32f4xx_dma.c.obj
LOAD CMakeFiles/wheel_ros_car.elf.dir/FWLIB/src/stm32f4xx_dma2d.c.obj
LOAD CMakeFiles/wheel_ros_car.elf.dir/FWLIB/src/stm32f4xx_exti.c.obj
LOAD CMakeFiles/wheel_ros_car.elf.dir/FWLIB/src/stm32f4xx_flash.c.obj
LOAD CMakeFiles/wheel_ros_car.elf.dir/FWLIB/src/stm32f4xx_flash_ramfunc.c.obj
LOAD CMakeFiles/wheel_ros_car.elf.dir/FWLIB/src/stm32f4xx_fsmc.c.obj
LOAD CMakeFiles/wheel_ros_car.elf.dir/FWLIB/src/stm32f4xx_gpio.c.obj
LOAD CMakeFiles/wheel_ros_car.elf.dir/FWLIB/src/stm32f4xx_hash.c.obj
LOAD CMakeFiles/wheel_ros_car.elf.dir/FWLIB/src/stm32f4xx_hash_md5.c.obj
LOAD CMakeFiles/wheel_ros_car.elf.dir/FWLIB/src/stm32f4xx_hash_sha1.c.obj
LOAD CMakeFiles/wheel_ros_car.elf.dir/FWLIB/src/stm32f4xx_i2c.c.obj
LOAD CMakeFiles/wheel_ros_car.elf.dir/FWLIB/src/stm32f4xx_iwdg.c.obj
LOAD CMakeFiles/wheel_ros_car.elf.dir/FWLIB/src/stm32f4xx_ltdc.c.obj
LOAD CMakeFiles/wheel_ros_car.elf.dir/FWLIB/src/stm32f4xx_pwr.c.obj
LOAD CMakeFiles/wheel_ros_car.elf.dir/FWLIB/src/stm32f4xx_rcc.c.obj
LOAD CMakeFiles/wheel_ros_car.elf.dir/FWLIB/src/stm32f4xx_rng.c.obj
LOAD CMakeFiles/wheel_ros_car.elf.dir/FWLIB/src/stm32f4xx_rtc.c.obj
LOAD CMakeFiles/wheel_ros_car.elf.dir/FWLIB/src/stm32f4xx_sai.c.obj
LOAD CMakeFiles/wheel_ros_car.elf.dir/FWLIB/src/stm32f4xx_sdio.c.obj
LOAD CMakeFiles/wheel_ros_car.elf.dir/FWLIB/src/stm32f4xx_spi.c.obj
LOAD CMakeFiles/wheel_ros_car.elf.dir/FWLIB/src/stm32f4xx_syscfg.c.obj
LOAD CMakeFiles/wheel_ros_car.elf.dir/FWLIB/src/stm32f4xx_tim.c.obj
LOAD CMakeFiles/wheel_ros_car.elf.dir/FWLIB/src/stm32f4xx_usart.c.obj
LOAD CMakeFiles/wheel_ros_car.elf.dir/FWLIB/src/stm32f4xx_wwdg.c.obj
LOAD CMakeFiles/wheel_ros_car.elf.dir/SYSTEM/Src/delay.c.obj
LOAD CMakeFiles/wheel_ros_car.elf.dir/SYSTEM/Src/sys.c.obj
LOAD CMakeFiles/wheel_ros_car.elf.dir/SYSTEM/Src/usart.c.obj
LOAD CMakeFiles/wheel_ros_car.elf.dir/USER/Src/main.c.obj
LOAD CMakeFiles/wheel_ros_car.elf.dir/startup/startup_stm32f407xx.s.obj
START GROUP
LOAD /usr/local/Cellar/arm-none-eabi-gcc/10.3-2021.07/gcc/bin/../lib/gcc/arm-none-eabi/10.3.1/thumb/v7e-m/nofp/libgcc.a
LOAD /usr/local/Cellar/arm-none-eabi-gcc/10.3-2021.07/gcc/bin/../lib/gcc/arm-none-eabi/10.3.1/../../../../arm-none-eabi/lib/thumb/v7e-m/nofp/libg_nano.a
LOAD /usr/local/Cellar/arm-none-eabi-gcc/10.3-2021.07/gcc/bin/../lib/gcc/arm-none-eabi/10.3.1/../../../../arm-none-eabi/lib/thumb/v7e-m/nofp/libc_nano.a
END GROUP
START GROUP
LOAD /usr/local/Cellar/arm-none-eabi-gcc/10.3-2021.07/gcc/bin/../lib/gcc/arm-none-eabi/10.3.1/thumb/v7e-m/nofp/libgcc.a
LOAD /usr/local/Cellar/arm-none-eabi-gcc/10.3-2021.07/gcc/bin/../lib/gcc/arm-none-eabi/10.3.1/../../../../arm-none-eabi/lib/thumb/v7e-m/nofp/libc_nano.a
LOAD /usr/local/Cellar/arm-none-eabi-gcc/10.3-2021.07/gcc/bin/../lib/gcc/arm-none-eabi/10.3.1/../../../../arm-none-eabi/lib/thumb/v7e-m/nofp/libnosys.a
END GROUP
START GROUP
LOAD /usr/local/Cellar/arm-none-eabi-gcc/10.3-2021.07/gcc/bin/../lib/gcc/arm-none-eabi/10.3.1/thumb/v7e-m/nofp/libgcc.a
LOAD /usr/local/Cellar/arm-none-eabi-gcc/10.3-2021.07/gcc/bin/../lib/gcc/arm-none-eabi/10.3.1/../../../../arm-none-eabi/lib/thumb/v7e-m/nofp/libc_nano.a
LOAD /usr/local/Cellar/arm-none-eabi-gcc/10.3-2021.07/gcc/bin/../lib/gcc/arm-none-eabi/10.3.1/../../../../arm-none-eabi/lib/thumb/v7e-m/nofp/libnosys.a
END GROUP
LOAD /usr/local/Cellar/arm-none-eabi-gcc/10.3-2021.07/gcc/bin/../lib/gcc/arm-none-eabi/10.3.1/thumb/v7e-m/nofp/crtend.o
LOAD /usr/local/Cellar/arm-none-eabi-gcc/10.3-2021.07/gcc/bin/../lib/gcc/arm-none-eabi/10.3.1/thumb/v7e-m/nofp/crtn.o
                0x0000000020020000                _estack = 0x20020000
                0x0000000000000200                _Min_Heap_Size = 0x200
                0x0000000000000400                _Min_Stack_Size = 0x400

.isr_vector     0x0000000008000000      0x188
                0x0000000008000000                . = ALIGN (0x4)
 *(.isr_vector)
 .isr_vector    0x0000000008000000      0x188 CMakeFiles/wheel_ros_car.elf.dir/startup/startup_stm32f407xx.s.obj
                0x0000000008000000                g_pfnVectors
                0x0000000008000188                . = ALIGN (0x4)

.text           0x0000000008000190     0x187c
                0x0000000008000190                . = ALIGN (0x4)
 *(.text)
 .text          0x0000000008000190       0x40 /usr/local/Cellar/arm-none-eabi-gcc/10.3-2021.07/gcc/bin/../lib/gcc/arm-none-eabi/10.3.1/thumb/v7e-m/nofp/crtbegin.o
 .text          0x00000000080001d0       0xa0 /usr/local/Cellar/arm-none-eabi-gcc/10.3-2021.07/gcc/bin/../lib/gcc/arm-none-eabi/10.3.1/../../../../arm-none-eabi/lib/thumb/v7e-m/nofp/libg_nano.a(lib_a-memchr.o)
                0x00000000080001d0                memchr
 *(.text*)
 .text.NMI_Handler
                0x0000000008000270        0xc CMakeFiles/wheel_ros_car.elf.dir/CORE/Src/stm32f4xx_it.c.obj
                0x0000000008000270                NMI_Handler
 .text.HardFault_Handler
                0x000000000800027c        0x6 CMakeFiles/wheel_ros_car.elf.dir/CORE/Src/stm32f4xx_it.c.obj
                0x000000000800027c                HardFault_Handler
 .text.MemManage_Handler
                0x0000000008000282        0x6 CMakeFiles/wheel_ros_car.elf.dir/CORE/Src/stm32f4xx_it.c.obj
                0x0000000008000282                MemManage_Handler
 .text.BusFault_Handler
                0x0000000008000288        0x6 CMakeFiles/wheel_ros_car.elf.dir/CORE/Src/stm32f4xx_it.c.obj
                0x0000000008000288                BusFault_Handler
 .text.UsageFault_Handler
                0x000000000800028e        0x6 CMakeFiles/wheel_ros_car.elf.dir/CORE/Src/stm32f4xx_it.c.obj
                0x000000000800028e                UsageFault_Handler
 .text.SVC_Handler
                0x0000000008000294        0xc CMakeFiles/wheel_ros_car.elf.dir/CORE/Src/stm32f4xx_it.c.obj
                0x0000000008000294                SVC_Handler
 .text.DebugMon_Handler
                0x00000000080002a0        0xc CMakeFiles/wheel_ros_car.elf.dir/CORE/Src/stm32f4xx_it.c.obj
                0x00000000080002a0                DebugMon_Handler
 .text.PendSV_Handler
                0x00000000080002ac        0xc CMakeFiles/wheel_ros_car.elf.dir/CORE/Src/stm32f4xx_it.c.obj
                0x00000000080002ac                PendSV_Handler
 .text.SysTick_Handler
                0x00000000080002b8        0xc CMakeFiles/wheel_ros_car.elf.dir/CORE/Src/stm32f4xx_it.c.obj
                0x00000000080002b8                SysTick_Handler
 .text.SystemInit
                0x00000000080002c4       0x5c CMakeFiles/wheel_ros_car.elf.dir/CORE/Src/system_stm32f4xx.c.obj
                0x00000000080002c4                SystemInit
 .text.SetSysClock
                0x0000000008000320       0xf4 CMakeFiles/wheel_ros_car.elf.dir/CORE/Src/system_stm32f4xx.c.obj
 .text.NVIC_Init
                0x0000000008000414       0xc4 CMakeFiles/wheel_ros_car.elf.dir/FWLIB/src/misc.c.obj
                0x0000000008000414                NVIC_Init
 .text.SysTick_CLKSourceConfig
                0x00000000080004d8       0x38 CMakeFiles/wheel_ros_car.elf.dir/FWLIB/src/misc.c.obj
                0x00000000080004d8                SysTick_CLKSourceConfig
 .text.GPIO_Init
                0x0000000008000510      0x11c CMakeFiles/wheel_ros_car.elf.dir/FWLIB/src/stm32f4xx_gpio.c.obj
                0x0000000008000510                GPIO_Init
 .text.GPIO_SetBits
                0x000000000800062c       0x1c CMakeFiles/wheel_ros_car.elf.dir/FWLIB/src/stm32f4xx_gpio.c.obj
                0x000000000800062c                GPIO_SetBits
 .text.GPIO_ResetBits
                0x0000000008000648       0x1c CMakeFiles/wheel_ros_car.elf.dir/FWLIB/src/stm32f4xx_gpio.c.obj
                0x0000000008000648                GPIO_ResetBits
 .text.GPIO_WriteBit
                0x0000000008000664       0x2e CMakeFiles/wheel_ros_car.elf.dir/FWLIB/src/stm32f4xx_gpio.c.obj
                0x0000000008000664                GPIO_WriteBit
 .text.GPIO_PinAFConfig
                0x0000000008000692       0x90 CMakeFiles/wheel_ros_car.elf.dir/FWLIB/src/stm32f4xx_gpio.c.obj
                0x0000000008000692                GPIO_PinAFConfig
 *fill*         0x0000000008000722        0x2 
 .text.RCC_GetClocksFreq
                0x0000000008000724      0x15c CMakeFiles/wheel_ros_car.elf.dir/FWLIB/src/stm32f4xx_rcc.c.obj
                0x0000000008000724                RCC_GetClocksFreq
 .text.RCC_AHB1PeriphClockCmd
                0x0000000008000880       0x3c CMakeFiles/wheel_ros_car.elf.dir/FWLIB/src/stm32f4xx_rcc.c.obj
                0x0000000008000880                RCC_AHB1PeriphClockCmd
 .text.RCC_APB2PeriphClockCmd
                0x00000000080008bc       0x3c CMakeFiles/wheel_ros_car.elf.dir/FWLIB/src/stm32f4xx_rcc.c.obj
                0x00000000080008bc                RCC_APB2PeriphClockCmd
 .text.USART_Init
                0x00000000080008f8      0x174 CMakeFiles/wheel_ros_car.elf.dir/FWLIB/src/stm32f4xx_usart.c.obj
                0x00000000080008f8                USART_Init
 .text.USART_Cmd
                0x0000000008000a6c       0x3e CMakeFiles/wheel_ros_car.elf.dir/FWLIB/src/stm32f4xx_usart.c.obj
                0x0000000008000a6c                USART_Cmd
 .text.USART_SendData
                0x0000000008000aaa       0x22 CMakeFiles/wheel_ros_car.elf.dir/FWLIB/src/stm32f4xx_usart.c.obj
                0x0000000008000aaa                USART_SendData
 .text.USART_ReceiveData
                0x0000000008000acc       0x1e CMakeFiles/wheel_ros_car.elf.dir/FWLIB/src/stm32f4xx_usart.c.obj
                0x0000000008000acc                USART_ReceiveData
 .text.USART_ITConfig
                0x0000000008000aea       0x8e CMakeFiles/wheel_ros_car.elf.dir/FWLIB/src/stm32f4xx_usart.c.obj
                0x0000000008000aea                USART_ITConfig
 .text.USART_GetFlagStatus
                0x0000000008000b78       0x36 CMakeFiles/wheel_ros_car.elf.dir/FWLIB/src/stm32f4xx_usart.c.obj
                0x0000000008000b78                USART_GetFlagStatus
 .text.USART_GetITStatus
                0x0000000008000bae       0xb4 CMakeFiles/wheel_ros_car.elf.dir/FWLIB/src/stm32f4xx_usart.c.obj
                0x0000000008000bae                USART_GetITStatus
 *fill*         0x0000000008000c62        0x2 
 .text.delay_init
                0x0000000008000c64       0x44 CMakeFiles/wheel_ros_car.elf.dir/SYSTEM/Src/delay.c.obj
                0x0000000008000c64                delay_init
 .text.delay_xms
                0x0000000008000ca8       0x6c CMakeFiles/wheel_ros_car.elf.dir/SYSTEM/Src/delay.c.obj
                0x0000000008000ca8                delay_xms
 .text.delay_ms
                0x0000000008000d14       0x60 CMakeFiles/wheel_ros_car.elf.dir/SYSTEM/Src/delay.c.obj
                0x0000000008000d14                delay_ms
 .text.uart_init
                0x0000000008000d74       0xb8 CMakeFiles/wheel_ros_car.elf.dir/SYSTEM/Src/usart.c.obj
                0x0000000008000d74                uart_init
 .text.USART_SEND
                0x0000000008000e2c       0x74 CMakeFiles/wheel_ros_car.elf.dir/SYSTEM/Src/usart.c.obj
                0x0000000008000e2c                USART_SEND
 .text.USART1_IRQHandler
                0x0000000008000ea0       0xac CMakeFiles/wheel_ros_car.elf.dir/SYSTEM/Src/usart.c.obj
                0x0000000008000ea0                USART1_IRQHandler
 .text.main     0x0000000008000f4c      0x108 CMakeFiles/wheel_ros_car.elf.dir/USER/Src/main.c.obj
                0x0000000008000f4c                main
 .text.Reset_Handler
                0x0000000008001054       0x50 CMakeFiles/wheel_ros_car.elf.dir/startup/startup_stm32f407xx.s.obj
                0x0000000008001054                Reset_Handler
 .text.Default_Handler
                0x00000000080010a4        0x2 CMakeFiles/wheel_ros_car.elf.dir/startup/startup_stm32f407xx.s.obj
                0x00000000080010a4                DMA1_Stream3_IRQHandler
                0x00000000080010a4                HASH_RNG_IRQHandler
                0x00000000080010a4                EXTI2_IRQHandler
                0x00000000080010a4                TIM8_CC_IRQHandler
                0x00000000080010a4                TIM1_CC_IRQHandler
                0x00000000080010a4                DMA2_Stream5_IRQHandler
                0x00000000080010a4                DMA1_Stream5_IRQHandler
                0x00000000080010a4                PVD_IRQHandler
                0x00000000080010a4                SDIO_IRQHandler
                0x00000000080010a4                TAMP_STAMP_IRQHandler
                0x00000000080010a4                CAN2_RX1_IRQHandler
                0x00000000080010a4                EXTI3_IRQHandler
                0x00000000080010a4                TIM8_TRG_COM_TIM14_IRQHandler
                0x00000000080010a4                TIM1_UP_TIM10_IRQHandler
                0x00000000080010a4                TIM8_UP_TIM13_IRQHandler
                0x00000000080010a4                I2C3_ER_IRQHandler
                0x00000000080010a4                EXTI0_IRQHandler
                0x00000000080010a4                I2C2_EV_IRQHandler
                0x00000000080010a4                DMA1_Stream2_IRQHandler
                0x00000000080010a4                CAN1_RX0_IRQHandler
                0x00000000080010a4                FPU_IRQHandler
                0x00000000080010a4                OTG_HS_WKUP_IRQHandler
                0x00000000080010a4                CAN2_SCE_IRQHandler
                0x00000000080010a4                DMA2_Stream2_IRQHandler
                0x00000000080010a4                SPI1_IRQHandler
                0x00000000080010a4                TIM6_DAC_IRQHandler
                0x00000000080010a4                TIM1_BRK_TIM9_IRQHandler
                0x00000000080010a4                DCMI_IRQHandler
                0x00000000080010a4                CAN2_RX0_IRQHandler
                0x00000000080010a4                DMA2_Stream3_IRQHandler
                0x00000000080010a4                USART6_IRQHandler
                0x00000000080010a4                USART3_IRQHandler
                0x00000000080010a4                CAN1_RX1_IRQHandler
                0x00000000080010a4                UART5_IRQHandler
                0x00000000080010a4                DMA2_Stream0_IRQHandler
                0x00000000080010a4                TIM4_IRQHandler
                0x00000000080010a4                I2C1_EV_IRQHandler
                0x00000000080010a4                DMA1_Stream6_IRQHandler
                0x00000000080010a4                DMA1_Stream1_IRQHandler
                0x00000000080010a4                UART4_IRQHandler
                0x00000000080010a4                TIM3_IRQHandler
                0x00000000080010a4                RCC_IRQHandler
                0x00000000080010a4                TIM8_BRK_TIM12_IRQHandler
                0x00000000080010a4                Default_Handler
                0x00000000080010a4                EXTI15_10_IRQHandler
                0x00000000080010a4                ADC_IRQHandler
                0x00000000080010a4                DMA1_Stream7_IRQHandler
                0x00000000080010a4                TIM7_IRQHandler
                0x00000000080010a4                CAN2_TX_IRQHandler
                0x00000000080010a4                TIM5_IRQHandler
                0x00000000080010a4                DMA2_Stream7_IRQHandler
                0x00000000080010a4                I2C3_EV_IRQHandler
                0x00000000080010a4                EXTI9_5_IRQHandler
                0x00000000080010a4                RTC_WKUP_IRQHandler
                0x00000000080010a4                ETH_WKUP_IRQHandler
                0x00000000080010a4                SPI2_IRQHandler
                0x00000000080010a4                OTG_HS_EP1_IN_IRQHandler
                0x00000000080010a4                DMA1_Stream0_IRQHandler
                0x00000000080010a4                CAN1_TX_IRQHandler
                0x00000000080010a4                EXTI4_IRQHandler
                0x00000000080010a4                FSMC_IRQHandler
                0x00000000080010a4                ETH_IRQHandler
                0x00000000080010a4                OTG_HS_EP1_OUT_IRQHandler
                0x00000000080010a4                WWDG_IRQHandler
                0x00000000080010a4                TIM2_IRQHandler
                0x00000000080010a4                OTG_FS_WKUP_IRQHandler
                0x00000000080010a4                TIM1_TRG_COM_TIM11_IRQHandler
                0x00000000080010a4                OTG_HS_IRQHandler
                0x00000000080010a4                EXTI1_IRQHandler
                0x00000000080010a4                USART2_IRQHandler
                0x00000000080010a4                I2C2_ER_IRQHandler
                0x00000000080010a4                DMA2_Stream1_IRQHandler
                0x00000000080010a4                CAN1_SCE_IRQHandler
                0x00000000080010a4                FLASH_IRQHandler
                0x00000000080010a4                DMA2_Stream4_IRQHandler
                0x00000000080010a4                OTG_FS_IRQHandler
                0x00000000080010a4                SPI3_IRQHandler
                0x00000000080010a4                DMA1_Stream4_IRQHandler
                0x00000000080010a4                I2C1_ER_IRQHandler
                0x00000000080010a4                DMA2_Stream6_IRQHandler
                0x00000000080010a4                RTC_Alarm_IRQHandler
 *fill*         0x00000000080010a6        0x2 
 .text.__libc_init_array
                0x00000000080010a8       0x48 /usr/local/Cellar/arm-none-eabi-gcc/10.3-2021.07/gcc/bin/../lib/gcc/arm-none-eabi/10.3.1/../../../../arm-none-eabi/lib/thumb/v7e-m/nofp/libg_nano.a(lib_a-init.o)
                0x00000000080010a8                __libc_init_array
 .text.memset   0x00000000080010f0       0x10 /usr/local/Cellar/arm-none-eabi-gcc/10.3-2021.07/gcc/bin/../lib/gcc/arm-none-eabi/10.3.1/../../../../arm-none-eabi/lib/thumb/v7e-m/nofp/libg_nano.a(lib_a-memset.o)
                0x00000000080010f0                memset
 .text.sprintf  0x0000000008001100       0x40 /usr/local/Cellar/arm-none-eabi-gcc/10.3-2021.07/gcc/bin/../lib/gcc/arm-none-eabi/10.3.1/../../../../arm-none-eabi/lib/thumb/v7e-m/nofp/libg_nano.a(lib_a-sprintf.o)
                0x0000000008001100                sprintf
                0x0000000008001100                siprintf
 .text.__ssputs_r
                0x0000000008001140       0xb6 /usr/local/Cellar/arm-none-eabi-gcc/10.3-2021.07/gcc/bin/../lib/gcc/arm-none-eabi/10.3.1/../../../../arm-none-eabi/lib/thumb/v7e-m/nofp/libg_nano.a(lib_a-nano-svfprintf.o)
                0x0000000008001140                __ssputs_r
 *fill*         0x00000000080011f6        0x2 
 .text._svfprintf_r
                0x00000000080011f8      0x200 /usr/local/Cellar/arm-none-eabi-gcc/10.3-2021.07/gcc/bin/../lib/gcc/arm-none-eabi/10.3.1/../../../../arm-none-eabi/lib/thumb/v7e-m/nofp/libg_nano.a(lib_a-nano-svfprintf.o)
                0x00000000080011f8                _svfprintf_r
                0x00000000080011f8                _svfiprintf_r
 .text._printf_common
                0x00000000080013f8       0xda /usr/local/Cellar/arm-none-eabi-gcc/10.3-2021.07/gcc/bin/../lib/gcc/arm-none-eabi/10.3.1/../../../../arm-none-eabi/lib/thumb/v7e-m/nofp/libg_nano.a(lib_a-nano-vfprintf_i.o)
                0x00000000080013f8                _printf_common
 *fill*         0x00000000080014d2        0x2 
 .text._printf_i
                0x00000000080014d4      0x24c /usr/local/Cellar/arm-none-eabi-gcc/10.3-2021.07/gcc/bin/../lib/gcc/arm-none-eabi/10.3.1/../../../../arm-none-eabi/lib/thumb/v7e-m/nofp/libg_nano.a(lib_a-nano-vfprintf_i.o)
                0x00000000080014d4                _printf_i
 .text.memcpy   0x0000000008001720       0x1c /usr/local/Cellar/arm-none-eabi-gcc/10.3-2021.07/gcc/bin/../lib/gcc/arm-none-eabi/10.3.1/../../../../arm-none-eabi/lib/thumb/v7e-m/nofp/libg_nano.a(lib_a-memcpy-stub.o)
                0x0000000008001720                memcpy
 .text.memmove  0x000000000800173c       0x34 /usr/local/Cellar/arm-none-eabi-gcc/10.3-2021.07/gcc/bin/../lib/gcc/arm-none-eabi/10.3.1/../../../../arm-none-eabi/lib/thumb/v7e-m/nofp/libg_nano.a(lib_a-memmove.o)
                0x000000000800173c                memmove
 .text._free_r  0x0000000008001770       0x94 /usr/local/Cellar/arm-none-eabi-gcc/10.3-2021.07/gcc/bin/../lib/gcc/arm-none-eabi/10.3.1/../../../../arm-none-eabi/lib/thumb/v7e-m/nofp/libg_nano.a(lib_a-nano-freer.o)
                0x0000000008001770                _free_r
 .text.sbrk_aligned
                0x0000000008001804       0x40 /usr/local/Cellar/arm-none-eabi-gcc/10.3-2021.07/gcc/bin/../lib/gcc/arm-none-eabi/10.3.1/../../../../arm-none-eabi/lib/thumb/v7e-m/nofp/libg_nano.a(lib_a-nano-mallocr.o)
 .text._malloc_r
                0x0000000008001844       0xe8 /usr/local/Cellar/arm-none-eabi-gcc/10.3-2021.07/gcc/bin/../lib/gcc/arm-none-eabi/10.3.1/../../../../arm-none-eabi/lib/thumb/v7e-m/nofp/libg_nano.a(lib_a-nano-mallocr.o)
                0x0000000008001844                _malloc_r
 .text._realloc_r
                0x000000000800192c       0x5e /usr/local/Cellar/arm-none-eabi-gcc/10.3-2021.07/gcc/bin/../lib/gcc/arm-none-eabi/10.3.1/../../../../arm-none-eabi/lib/thumb/v7e-m/nofp/libg_nano.a(lib_a-nano-reallocr.o)
                0x000000000800192c                _realloc_r
 *fill*         0x000000000800198a        0x2 
 .text._sbrk_r  0x000000000800198c       0x20 /usr/local/Cellar/arm-none-eabi-gcc/10.3-2021.07/gcc/bin/../lib/gcc/arm-none-eabi/10.3.1/../../../../arm-none-eabi/lib/thumb/v7e-m/nofp/libg_nano.a(lib_a-sbrkr.o)
                0x000000000800198c                _sbrk_r
 .text.__malloc_lock
                0x00000000080019ac        0xc /usr/local/Cellar/arm-none-eabi-gcc/10.3-2021.07/gcc/bin/../lib/gcc/arm-none-eabi/10.3.1/../../../../arm-none-eabi/lib/thumb/v7e-m/nofp/libg_nano.a(lib_a-mlock.o)
                0x00000000080019ac                __malloc_lock
 .text.__malloc_unlock
                0x00000000080019b8        0xc /usr/local/Cellar/arm-none-eabi-gcc/10.3-2021.07/gcc/bin/../lib/gcc/arm-none-eabi/10.3.1/../../../../arm-none-eabi/lib/thumb/v7e-m/nofp/libg_nano.a(lib_a-mlock.o)
                0x00000000080019b8                __malloc_unlock
 .text._malloc_usable_size_r
                0x00000000080019c4       0x10 /usr/local/Cellar/arm-none-eabi-gcc/10.3-2021.07/gcc/bin/../lib/gcc/arm-none-eabi/10.3.1/../../../../arm-none-eabi/lib/thumb/v7e-m/nofp/libg_nano.a(lib_a-nano-msizer.o)
                0x00000000080019c4                _malloc_usable_size_r
 .text.__retarget_lock_acquire_recursive
                0x00000000080019d4        0x2 /usr/local/Cellar/arm-none-eabi-gcc/10.3-2021.07/gcc/bin/../lib/gcc/arm-none-eabi/10.3.1/../../../../arm-none-eabi/lib/thumb/v7e-m/nofp/libg_nano.a(lib_a-lock.o)
                0x00000000080019d4                __retarget_lock_acquire_recursive
 .text.__retarget_lock_release_recursive
                0x00000000080019d6        0x2 /usr/local/Cellar/arm-none-eabi-gcc/10.3-2021.07/gcc/bin/../lib/gcc/arm-none-eabi/10.3.1/../../../../arm-none-eabi/lib/thumb/v7e-m/nofp/libg_nano.a(lib_a-lock.o)
                0x00000000080019d6                __retarget_lock_release_recursive
 .text._sbrk    0x00000000080019d8       0x1c /usr/local/Cellar/arm-none-eabi-gcc/10.3-2021.07/gcc/bin/../lib/gcc/arm-none-eabi/10.3.1/../../../../arm-none-eabi/lib/thumb/v7e-m/nofp/libnosys.a(sbrk.o)
                0x00000000080019d8                _sbrk
 *(.glue_7)
 .glue_7        0x00000000080019f4        0x0 linker stubs
 *(.glue_7t)
 .glue_7t       0x00000000080019f4        0x0 linker stubs
 *(.eh_frame)
 .eh_frame      0x00000000080019f4        0x0 /usr/local/Cellar/arm-none-eabi-gcc/10.3-2021.07/gcc/bin/../lib/gcc/arm-none-eabi/10.3.1/thumb/v7e-m/nofp/crtbegin.o
 *(.init)
 .init          0x00000000080019f4        0x4 /usr/local/Cellar/arm-none-eabi-gcc/10.3-2021.07/gcc/bin/../lib/gcc/arm-none-eabi/10.3.1/thumb/v7e-m/nofp/crti.o
                0x00000000080019f4                _init
 .init          0x00000000080019f8        0x8 /usr/local/Cellar/arm-none-eabi-gcc/10.3-2021.07/gcc/bin/../lib/gcc/arm-none-eabi/10.3.1/thumb/v7e-m/nofp/crtn.o
 *(.fini)
 .fini          0x0000000008001a00        0x4 /usr/local/Cellar/arm-none-eabi-gcc/10.3-2021.07/gcc/bin/../lib/gcc/arm-none-eabi/10.3.1/thumb/v7e-m/nofp/crti.o
                0x0000000008001a00                _fini
 .fini          0x0000000008001a04        0x8 /usr/local/Cellar/arm-none-eabi-gcc/10.3-2021.07/gcc/bin/../lib/gcc/arm-none-eabi/10.3.1/thumb/v7e-m/nofp/crtn.o
                0x0000000008001a0c                . = ALIGN (0x4)
                0x0000000008001a0c                _etext = .

.vfp11_veneer   0x0000000008001a0c        0x0
 .vfp11_veneer  0x0000000008001a0c        0x0 linker stubs

.v4_bx          0x0000000008001a0c        0x0
 .v4_bx         0x0000000008001a0c        0x0 linker stubs

.iplt           0x0000000008001a0c        0x0
 .iplt          0x0000000008001a0c        0x0 /usr/local/Cellar/arm-none-eabi-gcc/10.3-2021.07/gcc/bin/../lib/gcc/arm-none-eabi/10.3.1/thumb/v7e-m/nofp/crtbegin.o

.rodata         0x0000000008001a0c       0x68
                0x0000000008001a0c                . = ALIGN (0x4)
 *(.rodata)
 .rodata        0x0000000008001a0c       0x35 CMakeFiles/wheel_ros_car.elf.dir/USER/Src/main.c.obj
 *(.rodata*)
 .rodata._svfprintf_r.str1.1
                0x0000000008001a41       0x11 /usr/local/Cellar/arm-none-eabi-gcc/10.3-2021.07/gcc/bin/../lib/gcc/arm-none-eabi/10.3.1/../../../../arm-none-eabi/lib/thumb/v7e-m/nofp/libg_nano.a(lib_a-nano-svfprintf.o)
 .rodata._printf_i.str1.1
                0x0000000008001a52       0x22 /usr/local/Cellar/arm-none-eabi-gcc/10.3-2021.07/gcc/bin/../lib/gcc/arm-none-eabi/10.3.1/../../../../arm-none-eabi/lib/thumb/v7e-m/nofp/libg_nano.a(lib_a-nano-vfprintf_i.o)
                0x0000000008001a74                . = ALIGN (0x4)

.rel.dyn        0x0000000008001a74        0x0
 .rel.iplt      0x0000000008001a74        0x0 /usr/local/Cellar/arm-none-eabi-gcc/10.3-2021.07/gcc/bin/../lib/gcc/arm-none-eabi/10.3.1/thumb/v7e-m/nofp/crtbegin.o

.ARM.extab
 *(.ARM.extab* .gnu.linkonce.armextab.*)

.ARM            0x0000000008001a74        0x0
                0x0000000008001a74                __exidx_start = .
 *(.ARM.exidx*)
                0x0000000008001a74                __exidx_end = .

.preinit_array  0x0000000008001a74        0x0
                0x0000000008001a74                PROVIDE (__preinit_array_start = .)
 *(.preinit_array*)
                0x0000000008001a74                PROVIDE (__preinit_array_end = .)

.init_array     0x0000000008001a74        0x4
                0x0000000008001a74                PROVIDE (__init_array_start = .)
 *(SORT_BY_NAME(.init_array.*))
 *(.init_array*)
 .init_array    0x0000000008001a74        0x4 /usr/local/Cellar/arm-none-eabi-gcc/10.3-2021.07/gcc/bin/../lib/gcc/arm-none-eabi/10.3.1/thumb/v7e-m/nofp/crtbegin.o
                0x0000000008001a78                PROVIDE (__init_array_end = .)

.fini_array     0x0000000008001a78        0x4
                [!provide]                        PROVIDE (__fini_array_start = .)
 *(SORT_BY_NAME(.fini_array.*))
 *(.fini_array*)
 .fini_array    0x0000000008001a78        0x4 /usr/local/Cellar/arm-none-eabi-gcc/10.3-2021.07/gcc/bin/../lib/gcc/arm-none-eabi/10.3.1/thumb/v7e-m/nofp/crtbegin.o
                [!provide]                        PROVIDE (__fini_array_end = .)
                0x0000000008001a7c                _sidata = LOADADDR (.data)

.data           0x0000000020000000       0x78 load address 0x0000000008001a7c
                0x0000000020000000                . = ALIGN (0x4)
                0x0000000020000000                _sdata = .
 *(.data)
 *(.data*)
 .data.APBAHBPrescTable
                0x0000000020000000       0x10 CMakeFiles/wheel_ros_car.elf.dir/FWLIB/src/stm32f4xx_rcc.c.obj
 .data.TRUE     0x0000000020000010        0x4 CMakeFiles/wheel_ros_car.elf.dir/USER/Src/main.c.obj
                0x0000000020000010                TRUE
 .data._impure_ptr
                0x0000000020000014        0x4 /usr/local/Cellar/arm-none-eabi-gcc/10.3-2021.07/gcc/bin/../lib/gcc/arm-none-eabi/10.3.1/../../../../arm-none-eabi/lib/thumb/v7e-m/nofp/libg_nano.a(lib_a-impure.o)
                0x0000000020000014                _impure_ptr
 .data.impure_data
                0x0000000020000018       0x60 /usr/local/Cellar/arm-none-eabi-gcc/10.3-2021.07/gcc/bin/../lib/gcc/arm-none-eabi/10.3.1/../../../../arm-none-eabi/lib/thumb/v7e-m/nofp/libg_nano.a(lib_a-impure.o)
                0x0000000020000078                . = ALIGN (0x4)
                0x0000000020000078                _edata = .
                0x0000000008001af4                _siccmram = LOADADDR (.ccmram)

.igot.plt       0x0000000020000078        0x0 load address 0x0000000008001af4
 .igot.plt      0x0000000020000078        0x0 /usr/local/Cellar/arm-none-eabi-gcc/10.3-2021.07/gcc/bin/../lib/gcc/arm-none-eabi/10.3.1/thumb/v7e-m/nofp/crtbegin.o

.ccmram         0x0000000010000000        0x0 load address 0x0000000008001af4
                0x0000000010000000                . = ALIGN (0x4)
                0x0000000010000000                _sccmram = .
 *(.ccmram)
 *(.ccmram*)
                0x0000000010000000                . = ALIGN (0x4)
                0x0000000010000000                _eccmram = .
                0x0000000010000000                . = ALIGN (0x4)

.bss            0x0000000020000078      0x100
                0x0000000020000078                _sbss = .
                0x0000000020000078                __bss_start__ = _sbss
 *(.bss)
 .bss           0x0000000020000078       0x1c /usr/local/Cellar/arm-none-eabi-gcc/10.3-2021.07/gcc/bin/../lib/gcc/arm-none-eabi/10.3.1/thumb/v7e-m/nofp/crtbegin.o
 *(.bss*)
 .bss.fac_us    0x0000000020000094        0x1 CMakeFiles/wheel_ros_car.elf.dir/SYSTEM/Src/delay.c.obj
 *fill*         0x0000000020000095        0x1 
 .bss.fac_ms    0x0000000020000096        0x2 CMakeFiles/wheel_ros_car.elf.dir/SYSTEM/Src/delay.c.obj
 .bss.USART_RX_BUF
                0x0000000020000098       0xc8 CMakeFiles/wheel_ros_car.elf.dir/SYSTEM/Src/usart.c.obj
                0x0000000020000098                USART_RX_BUF
 .bss.USART_RX_STA
                0x0000000020000160        0x2 CMakeFiles/wheel_ros_car.elf.dir/SYSTEM/Src/usart.c.obj
                0x0000000020000160                USART_RX_STA
 *fill*         0x0000000020000162        0x2 
 .bss.__malloc_free_list
                0x0000000020000164        0x4 /usr/local/Cellar/arm-none-eabi-gcc/10.3-2021.07/gcc/bin/../lib/gcc/arm-none-eabi/10.3.1/../../../../arm-none-eabi/lib/thumb/v7e-m/nofp/libg_nano.a(lib_a-nano-mallocr.o)
                0x0000000020000164                __malloc_free_list
 .bss.__malloc_sbrk_start
                0x0000000020000168        0x4 /usr/local/Cellar/arm-none-eabi-gcc/10.3-2021.07/gcc/bin/../lib/gcc/arm-none-eabi/10.3.1/../../../../arm-none-eabi/lib/thumb/v7e-m/nofp/libg_nano.a(lib_a-nano-mallocr.o)
                0x0000000020000168                __malloc_sbrk_start
 .bss.errno     0x000000002000016c        0x4 /usr/local/Cellar/arm-none-eabi-gcc/10.3-2021.07/gcc/bin/../lib/gcc/arm-none-eabi/10.3.1/../../../../arm-none-eabi/lib/thumb/v7e-m/nofp/libg_nano.a(lib_a-reent.o)
                0x000000002000016c                errno
 .bss.__lock___malloc_recursive_mutex
                0x0000000020000170        0x1 /usr/local/Cellar/arm-none-eabi-gcc/10.3-2021.07/gcc/bin/../lib/gcc/arm-none-eabi/10.3.1/../../../../arm-none-eabi/lib/thumb/v7e-m/nofp/libg_nano.a(lib_a-lock.o)
                0x0000000020000170                __lock___malloc_recursive_mutex
 *fill*         0x0000000020000171        0x3 
 .bss.heap_end.0
                0x0000000020000174        0x4 /usr/local/Cellar/arm-none-eabi-gcc/10.3-2021.07/gcc/bin/../lib/gcc/arm-none-eabi/10.3.1/../../../../arm-none-eabi/lib/thumb/v7e-m/nofp/libnosys.a(sbrk.o)
 *(COMMON)
                0x0000000020000178                . = ALIGN (0x4)
                0x0000000020000178                _ebss = .
                0x0000000020000178                __bss_end__ = _ebss

._user_heap_stack
                0x0000000020000178      0x600
                0x0000000020000178                . = ALIGN (0x8)
                0x0000000020000178                PROVIDE (end = .)
                [!provide]                        PROVIDE (_end = .)
                0x0000000020000378                . = (. + _Min_Heap_Size)
 *fill*         0x0000000020000178      0x200 
                0x0000000020000778                . = (. + _Min_Stack_Size)
 *fill*         0x0000000020000378      0x400 
                0x0000000020000778                . = ALIGN (0x8)

/DISCARD/
 libc.a(*)
 libm.a(*)
 libgcc.a(*)

.ARM.attributes
                0x0000000000000000       0x2a
 *(.ARM.attributes)
 .ARM.attributes
                0x0000000000000000       0x1e /usr/local/Cellar/arm-none-eabi-gcc/10.3-2021.07/gcc/bin/../lib/gcc/arm-none-eabi/10.3.1/thumb/v7e-m/nofp/crti.o
 .ARM.attributes
                0x000000000000001e       0x2e /usr/local/Cellar/arm-none-eabi-gcc/10.3-2021.07/gcc/bin/../lib/gcc/arm-none-eabi/10.3.1/thumb/v7e-m/nofp/crtbegin.o
 .ARM.attributes
                0x000000000000004c       0x2e CMakeFiles/wheel_ros_car.elf.dir/CORE/Src/stm32f4xx_it.c.obj
 .ARM.attributes
                0x000000000000007a       0x2e CMakeFiles/wheel_ros_car.elf.dir/CORE/Src/system_stm32f4xx.c.obj
 .ARM.attributes
                0x00000000000000a8       0x2e CMakeFiles/wheel_ros_car.elf.dir/FWLIB/src/misc.c.obj
 .ARM.attributes
                0x00000000000000d6       0x2e CMakeFiles/wheel_ros_car.elf.dir/FWLIB/src/stm32f4xx_gpio.c.obj
 .ARM.attributes
                0x0000000000000104       0x2e CMakeFiles/wheel_ros_car.elf.dir/FWLIB/src/stm32f4xx_rcc.c.obj
 .ARM.attributes
                0x0000000000000132       0x2e CMakeFiles/wheel_ros_car.elf.dir/FWLIB/src/stm32f4xx_usart.c.obj
 .ARM.attributes
                0x0000000000000160       0x2e CMakeFiles/wheel_ros_car.elf.dir/SYSTEM/Src/delay.c.obj
 .ARM.attributes
                0x000000000000018e       0x2e CMakeFiles/wheel_ros_car.elf.dir/SYSTEM/Src/usart.c.obj
 .ARM.attributes
                0x00000000000001bc       0x2e CMakeFiles/wheel_ros_car.elf.dir/USER/Src/main.c.obj
 .ARM.attributes
                0x00000000000001ea       0x21 CMakeFiles/wheel_ros_car.elf.dir/startup/startup_stm32f407xx.s.obj
 .ARM.attributes
                0x000000000000020b       0x2e /usr/local/Cellar/arm-none-eabi-gcc/10.3-2021.07/gcc/bin/../lib/gcc/arm-none-eabi/10.3.1/../../../../arm-none-eabi/lib/thumb/v7e-m/nofp/libg_nano.a(lib_a-impure.o)
 .ARM.attributes
                0x0000000000000239       0x2e /usr/local/Cellar/arm-none-eabi-gcc/10.3-2021.07/gcc/bin/../lib/gcc/arm-none-eabi/10.3.1/../../../../arm-none-eabi/lib/thumb/v7e-m/nofp/libg_nano.a(lib_a-init.o)
 .ARM.attributes
                0x0000000000000267       0x2e /usr/local/Cellar/arm-none-eabi-gcc/10.3-2021.07/gcc/bin/../lib/gcc/arm-none-eabi/10.3.1/../../../../arm-none-eabi/lib/thumb/v7e-m/nofp/libg_nano.a(lib_a-memset.o)
 .ARM.attributes
                0x0000000000000295       0x2e /usr/local/Cellar/arm-none-eabi-gcc/10.3-2021.07/gcc/bin/../lib/gcc/arm-none-eabi/10.3.1/../../../../arm-none-eabi/lib/thumb/v7e-m/nofp/libg_nano.a(lib_a-sprintf.o)
 .ARM.attributes
                0x00000000000002c3       0x2e /usr/local/Cellar/arm-none-eabi-gcc/10.3-2021.07/gcc/bin/../lib/gcc/arm-none-eabi/10.3.1/../../../../arm-none-eabi/lib/thumb/v7e-m/nofp/libg_nano.a(lib_a-nano-svfprintf.o)
 .ARM.attributes
                0x00000000000002f1       0x2e /usr/local/Cellar/arm-none-eabi-gcc/10.3-2021.07/gcc/bin/../lib/gcc/arm-none-eabi/10.3.1/../../../../arm-none-eabi/lib/thumb/v7e-m/nofp/libg_nano.a(lib_a-nano-vfprintf_i.o)
 .ARM.attributes
                0x000000000000031f       0x1c /usr/local/Cellar/arm-none-eabi-gcc/10.3-2021.07/gcc/bin/../lib/gcc/arm-none-eabi/10.3.1/../../../../arm-none-eabi/lib/thumb/v7e-m/nofp/libg_nano.a(lib_a-memchr.o)
 .ARM.attributes
                0x000000000000033b       0x2e /usr/local/Cellar/arm-none-eabi-gcc/10.3-2021.07/gcc/bin/../lib/gcc/arm-none-eabi/10.3.1/../../../../arm-none-eabi/lib/thumb/v7e-m/nofp/libg_nano.a(lib_a-memcpy-stub.o)
 .ARM.attributes
                0x0000000000000369       0x2e /usr/local/Cellar/arm-none-eabi-gcc/10.3-2021.07/gcc/bin/../lib/gcc/arm-none-eabi/10.3.1/../../../../arm-none-eabi/lib/thumb/v7e-m/nofp/libg_nano.a(lib_a-memmove.o)
 .ARM.attributes
                0x0000000000000397       0x2e /usr/local/Cellar/arm-none-eabi-gcc/10.3-2021.07/gcc/bin/../lib/gcc/arm-none-eabi/10.3.1/../../../../arm-none-eabi/lib/thumb/v7e-m/nofp/libg_nano.a(lib_a-nano-freer.o)
 .ARM.attributes
                0x00000000000003c5       0x2e /usr/local/Cellar/arm-none-eabi-gcc/10.3-2021.07/gcc/bin/../lib/gcc/arm-none-eabi/10.3.1/../../../../arm-none-eabi/lib/thumb/v7e-m/nofp/libg_nano.a(lib_a-nano-mallocr.o)
 .ARM.attributes
                0x00000000000003f3       0x2e /usr/local/Cellar/arm-none-eabi-gcc/10.3-2021.07/gcc/bin/../lib/gcc/arm-none-eabi/10.3.1/../../../../arm-none-eabi/lib/thumb/v7e-m/nofp/libg_nano.a(lib_a-nano-reallocr.o)
 .ARM.attributes
                0x0000000000000421       0x2e /usr/local/Cellar/arm-none-eabi-gcc/10.3-2021.07/gcc/bin/../lib/gcc/arm-none-eabi/10.3.1/../../../../arm-none-eabi/lib/thumb/v7e-m/nofp/libg_nano.a(lib_a-sbrkr.o)
 .ARM.attributes
                0x000000000000044f       0x2e /usr/local/Cellar/arm-none-eabi-gcc/10.3-2021.07/gcc/bin/../lib/gcc/arm-none-eabi/10.3.1/../../../../arm-none-eabi/lib/thumb/v7e-m/nofp/libg_nano.a(lib_a-mlock.o)
 .ARM.attributes
                0x000000000000047d       0x2e /usr/local/Cellar/arm-none-eabi-gcc/10.3-2021.07/gcc/bin/../lib/gcc/arm-none-eabi/10.3.1/../../../../arm-none-eabi/lib/thumb/v7e-m/nofp/libg_nano.a(lib_a-nano-msizer.o)
 .ARM.attributes
                0x00000000000004ab       0x2e /usr/local/Cellar/arm-none-eabi-gcc/10.3-2021.07/gcc/bin/../lib/gcc/arm-none-eabi/10.3.1/../../../../arm-none-eabi/lib/thumb/v7e-m/nofp/libg_nano.a(lib_a-reent.o)
 .ARM.attributes
                0x00000000000004d9       0x2e /usr/local/Cellar/arm-none-eabi-gcc/10.3-2021.07/gcc/bin/../lib/gcc/arm-none-eabi/10.3.1/../../../../arm-none-eabi/lib/thumb/v7e-m/nofp/libg_nano.a(lib_a-lock.o)
 .ARM.attributes
                0x0000000000000507       0x2e /usr/local/Cellar/arm-none-eabi-gcc/10.3-2021.07/gcc/bin/../lib/gcc/arm-none-eabi/10.3.1/../../../../arm-none-eabi/lib/thumb/v7e-m/nofp/libnosys.a(sbrk.o)
 .ARM.attributes
                0x0000000000000535       0x1e /usr/local/Cellar/arm-none-eabi-gcc/10.3-2021.07/gcc/bin/../lib/gcc/arm-none-eabi/10.3.1/thumb/v7e-m/nofp/crtn.o
OUTPUT(wheel_ros_car.elf elf32-littlearm)
LOAD linker stubs
LOAD /usr/local/Cellar/arm-none-eabi-gcc/10.3-2021.07/gcc/bin/../lib/gcc/arm-none-eabi/10.3.1/../../../../arm-none-eabi/lib/thumb/v7e-m/nofp/libc.a
LOAD /usr/local/Cellar/arm-none-eabi-gcc/10.3-2021.07/gcc/bin/../lib/gcc/arm-none-eabi/10.3.1/../../../../arm-none-eabi/lib/thumb/v7e-m/nofp/libm.a
LOAD /usr/local/Cellar/arm-none-eabi-gcc/10.3-2021.07/gcc/bin/../lib/gcc/arm-none-eabi/10.3.1/thumb/v7e-m/nofp/libgcc.a

.debug_info     0x0000000000000000     0x41cb
 .debug_info    0x0000000000000000      0x10e CMakeFiles/wheel_ros_car.elf.dir/CORE/Src/stm32f4xx_it.c.obj
 .debug_info    0x000000000000010e      0x622 CMakeFiles/wheel_ros_car.elf.dir/CORE/Src/system_stm32f4xx.c.obj
 .debug_info    0x0000000000000730      0x55c CMakeFiles/wheel_ros_car.elf.dir/FWLIB/src/misc.c.obj
 .debug_info    0x0000000000000c8c      0x649 CMakeFiles/wheel_ros_car.elf.dir/FWLIB/src/stm32f4xx_gpio.c.obj
 .debug_info    0x00000000000012d5      0xee6 CMakeFiles/wheel_ros_car.elf.dir/FWLIB/src/stm32f4xx_rcc.c.obj
 .debug_info    0x00000000000021bb      0xa32 CMakeFiles/wheel_ros_car.elf.dir/FWLIB/src/stm32f4xx_usart.c.obj
 .debug_info    0x0000000000002bed      0x228 CMakeFiles/wheel_ros_car.elf.dir/SYSTEM/Src/delay.c.obj
 .debug_info    0x0000000000002e15      0xf52 CMakeFiles/wheel_ros_car.elf.dir/SYSTEM/Src/usart.c.obj
 .debug_info    0x0000000000003d67      0x442 CMakeFiles/wheel_ros_car.elf.dir/USER/Src/main.c.obj
 .debug_info    0x00000000000041a9       0x22 CMakeFiles/wheel_ros_car.elf.dir/startup/startup_stm32f407xx.s.obj

.debug_abbrev   0x0000000000000000      0xd25
 .debug_abbrev  0x0000000000000000       0x44 CMakeFiles/wheel_ros_car.elf.dir/CORE/Src/stm32f4xx_it.c.obj
 .debug_abbrev  0x0000000000000044      0x165 CMakeFiles/wheel_ros_car.elf.dir/CORE/Src/system_stm32f4xx.c.obj
 .debug_abbrev  0x00000000000001a9      0x170 CMakeFiles/wheel_ros_car.elf.dir/FWLIB/src/misc.c.obj
 .debug_abbrev  0x0000000000000319      0x1c0 CMakeFiles/wheel_ros_car.elf.dir/FWLIB/src/stm32f4xx_gpio.c.obj
 .debug_abbrev  0x00000000000004d9      0x1d3 CMakeFiles/wheel_ros_car.elf.dir/FWLIB/src/stm32f4xx_rcc.c.obj
 .debug_abbrev  0x00000000000006ac      0x182 CMakeFiles/wheel_ros_car.elf.dir/FWLIB/src/stm32f4xx_usart.c.obj
 .debug_abbrev  0x000000000000082e      0x11b CMakeFiles/wheel_ros_car.elf.dir/SYSTEM/Src/delay.c.obj
 .debug_abbrev  0x0000000000000949      0x277 CMakeFiles/wheel_ros_car.elf.dir/SYSTEM/Src/usart.c.obj
 .debug_abbrev  0x0000000000000bc0      0x153 CMakeFiles/wheel_ros_car.elf.dir/USER/Src/main.c.obj
 .debug_abbrev  0x0000000000000d13       0x12 CMakeFiles/wheel_ros_car.elf.dir/startup/startup_stm32f407xx.s.obj

.debug_aranges  0x0000000000000000      0x4d8
 .debug_aranges
                0x0000000000000000       0x60 CMakeFiles/wheel_ros_car.elf.dir/CORE/Src/stm32f4xx_it.c.obj
 .debug_aranges
                0x0000000000000060       0x30 CMakeFiles/wheel_ros_car.elf.dir/CORE/Src/system_stm32f4xx.c.obj
 .debug_aranges
                0x0000000000000090       0x40 CMakeFiles/wheel_ros_car.elf.dir/FWLIB/src/misc.c.obj
 .debug_aranges
                0x00000000000000d0       0x88 CMakeFiles/wheel_ros_car.elf.dir/FWLIB/src/stm32f4xx_gpio.c.obj
 .debug_aranges
                0x0000000000000158      0x1c0 CMakeFiles/wheel_ros_car.elf.dir/FWLIB/src/stm32f4xx_rcc.c.obj
 .debug_aranges
                0x0000000000000318      0x100 CMakeFiles/wheel_ros_car.elf.dir/FWLIB/src/stm32f4xx_usart.c.obj
 .debug_aranges
                0x0000000000000418       0x38 CMakeFiles/wheel_ros_car.elf.dir/SYSTEM/Src/delay.c.obj
 .debug_aranges
                0x0000000000000450       0x40 CMakeFiles/wheel_ros_car.elf.dir/SYSTEM/Src/usart.c.obj
 .debug_aranges
                0x0000000000000490       0x20 CMakeFiles/wheel_ros_car.elf.dir/USER/Src/main.c.obj
 .debug_aranges
                0x00000000000004b0       0x28 CMakeFiles/wheel_ros_car.elf.dir/startup/startup_stm32f407xx.s.obj

.debug_ranges   0x0000000000000000      0x458
 .debug_ranges  0x0000000000000000       0x50 CMakeFiles/wheel_ros_car.elf.dir/CORE/Src/stm32f4xx_it.c.obj
 .debug_ranges  0x0000000000000050       0x20 CMakeFiles/wheel_ros_car.elf.dir/CORE/Src/system_stm32f4xx.c.obj
 .debug_ranges  0x0000000000000070       0x30 CMakeFiles/wheel_ros_car.elf.dir/FWLIB/src/misc.c.obj
 .debug_ranges  0x00000000000000a0       0x78 CMakeFiles/wheel_ros_car.elf.dir/FWLIB/src/stm32f4xx_gpio.c.obj
 .debug_ranges  0x0000000000000118      0x1b0 CMakeFiles/wheel_ros_car.elf.dir/FWLIB/src/stm32f4xx_rcc.c.obj
 .debug_ranges  0x00000000000002c8       0xf0 CMakeFiles/wheel_ros_car.elf.dir/FWLIB/src/stm32f4xx_usart.c.obj
 .debug_ranges  0x00000000000003b8       0x28 CMakeFiles/wheel_ros_car.elf.dir/SYSTEM/Src/delay.c.obj
 .debug_ranges  0x00000000000003e0       0x48 CMakeFiles/wheel_ros_car.elf.dir/SYSTEM/Src/usart.c.obj
 .debug_ranges  0x0000000000000428       0x10 CMakeFiles/wheel_ros_car.elf.dir/USER/Src/main.c.obj
 .debug_ranges  0x0000000000000438       0x20 CMakeFiles/wheel_ros_car.elf.dir/startup/startup_stm32f407xx.s.obj

.debug_line     0x0000000000000000     0x26a2
 .debug_line    0x0000000000000000      0x121 CMakeFiles/wheel_ros_car.elf.dir/CORE/Src/stm32f4xx_it.c.obj
 .debug_line    0x0000000000000121      0x30f CMakeFiles/wheel_ros_car.elf.dir/CORE/Src/system_stm32f4xx.c.obj
 .debug_line    0x0000000000000430      0x2b4 CMakeFiles/wheel_ros_car.elf.dir/FWLIB/src/misc.c.obj
 .debug_line    0x00000000000006e4      0x4c7 CMakeFiles/wheel_ros_car.elf.dir/FWLIB/src/stm32f4xx_gpio.c.obj
 .debug_line    0x0000000000000bab      0xa77 CMakeFiles/wheel_ros_car.elf.dir/FWLIB/src/stm32f4xx_rcc.c.obj
 .debug_line    0x0000000000001622      0x707 CMakeFiles/wheel_ros_car.elf.dir/FWLIB/src/stm32f4xx_usart.c.obj
 .debug_line    0x0000000000001d29      0x272 CMakeFiles/wheel_ros_car.elf.dir/SYSTEM/Src/delay.c.obj
 .debug_line    0x0000000000001f9b      0x453 CMakeFiles/wheel_ros_car.elf.dir/SYSTEM/Src/usart.c.obj
 .debug_line    0x00000000000023ee      0x20e CMakeFiles/wheel_ros_car.elf.dir/USER/Src/main.c.obj
 .debug_line    0x00000000000025fc       0xa6 CMakeFiles/wheel_ros_car.elf.dir/startup/startup_stm32f407xx.s.obj

.debug_str      0x0000000000000000     0x1e90
 .debug_str     0x0000000000000000      0x21b CMakeFiles/wheel_ros_car.elf.dir/CORE/Src/stm32f4xx_it.c.obj
                                        0x24f (size before relaxing)
 .debug_str     0x000000000000021b      0x262 CMakeFiles/wheel_ros_car.elf.dir/CORE/Src/system_stm32f4xx.c.obj
                                        0x419 (size before relaxing)
 .debug_str     0x000000000000047d      0x1f3 CMakeFiles/wheel_ros_car.elf.dir/FWLIB/src/misc.c.obj
                                        0x41e (size before relaxing)
 .debug_str     0x0000000000000670      0x328 CMakeFiles/wheel_ros_car.elf.dir/FWLIB/src/stm32f4xx_gpio.c.obj
                                        0x4f0 (size before relaxing)
 .debug_str     0x0000000000000998      0x6ad CMakeFiles/wheel_ros_car.elf.dir/FWLIB/src/stm32f4xx_rcc.c.obj
                                        0x9fc (size before relaxing)
 .debug_str     0x0000000000001045      0x430 CMakeFiles/wheel_ros_car.elf.dir/FWLIB/src/stm32f4xx_usart.c.obj
                                        0x6df (size before relaxing)
 .debug_str     0x0000000000001475       0x7e CMakeFiles/wheel_ros_car.elf.dir/SYSTEM/Src/delay.c.obj
                                        0x260 (size before relaxing)
 .debug_str     0x00000000000014f3      0x90c CMakeFiles/wheel_ros_car.elf.dir/SYSTEM/Src/usart.c.obj
                                        0xdda (size before relaxing)
 .debug_str     0x0000000000001dff       0x3d CMakeFiles/wheel_ros_car.elf.dir/USER/Src/main.c.obj
                                        0x448 (size before relaxing)
 .debug_str     0x0000000000001e3c       0x54 CMakeFiles/wheel_ros_car.elf.dir/startup/startup_stm32f407xx.s.obj
                                         0x8e (size before relaxing)

.comment        0x0000000000000000       0x49
 .comment       0x0000000000000000       0x49 CMakeFiles/wheel_ros_car.elf.dir/CORE/Src/stm32f4xx_it.c.obj
                                         0x4a (size before relaxing)
 .comment       0x0000000000000049       0x4a CMakeFiles/wheel_ros_car.elf.dir/CORE/Src/system_stm32f4xx.c.obj
 .comment       0x0000000000000049       0x4a CMakeFiles/wheel_ros_car.elf.dir/FWLIB/src/misc.c.obj
 .comment       0x0000000000000049       0x4a CMakeFiles/wheel_ros_car.elf.dir/FWLIB/src/stm32f4xx_gpio.c.obj
 .comment       0x0000000000000049       0x4a CMakeFiles/wheel_ros_car.elf.dir/FWLIB/src/stm32f4xx_rcc.c.obj
 .comment       0x0000000000000049       0x4a CMakeFiles/wheel_ros_car.elf.dir/FWLIB/src/stm32f4xx_usart.c.obj
 .comment       0x0000000000000049       0x4a CMakeFiles/wheel_ros_car.elf.dir/SYSTEM/Src/delay.c.obj
 .comment       0x0000000000000049       0x4a CMakeFiles/wheel_ros_car.elf.dir/SYSTEM/Src/usart.c.obj
 .comment       0x0000000000000049       0x4a CMakeFiles/wheel_ros_car.elf.dir/USER/Src/main.c.obj

.debug_frame    0x0000000000000000     0x1774
 .debug_frame   0x0000000000000000      0x110 CMakeFiles/wheel_ros_car.elf.dir/CORE/Src/stm32f4xx_it.c.obj
 .debug_frame   0x0000000000000110       0x7c CMakeFiles/wheel_ros_car.elf.dir/CORE/Src/system_stm32f4xx.c.obj
 .debug_frame   0x000000000000018c       0xd8 CMakeFiles/wheel_ros_car.elf.dir/FWLIB/src/misc.c.obj
 .debug_frame   0x0000000000000264      0x23c CMakeFiles/wheel_ros_car.elf.dir/FWLIB/src/stm32f4xx_gpio.c.obj
 .debug_frame   0x00000000000004a0      0x83c CMakeFiles/wheel_ros_car.elf.dir/FWLIB/src/stm32f4xx_rcc.c.obj
 .debug_frame   0x0000000000000cdc      0x490 CMakeFiles/wheel_ros_car.elf.dir/FWLIB/src/stm32f4xx_usart.c.obj
 .debug_frame   0x000000000000116c       0xa8 CMakeFiles/wheel_ros_car.elf.dir/SYSTEM/Src/delay.c.obj
 .debug_frame   0x0000000000001214       0xcc CMakeFiles/wheel_ros_car.elf.dir/SYSTEM/Src/usart.c.obj
 .debug_frame   0x00000000000012e0       0x34 CMakeFiles/wheel_ros_car.elf.dir/USER/Src/main.c.obj
 .debug_frame   0x0000000000001314       0x2c /usr/local/Cellar/arm-none-eabi-gcc/10.3-2021.07/gcc/bin/../lib/gcc/arm-none-eabi/10.3.1/../../../../arm-none-eabi/lib/thumb/v7e-m/nofp/libg_nano.a(lib_a-init.o)
 .debug_frame   0x0000000000001340       0x20 /usr/local/Cellar/arm-none-eabi-gcc/10.3-2021.07/gcc/bin/../lib/gcc/arm-none-eabi/10.3.1/../../../../arm-none-eabi/lib/thumb/v7e-m/nofp/libg_nano.a(lib_a-memset.o)
 .debug_frame   0x0000000000001360       0x6c /usr/local/Cellar/arm-none-eabi-gcc/10.3-2021.07/gcc/bin/../lib/gcc/arm-none-eabi/10.3.1/../../../../arm-none-eabi/lib/thumb/v7e-m/nofp/libg_nano.a(lib_a-sprintf.o)
 .debug_frame   0x00000000000013cc       0x90 /usr/local/Cellar/arm-none-eabi-gcc/10.3-2021.07/gcc/bin/../lib/gcc/arm-none-eabi/10.3.1/../../../../arm-none-eabi/lib/thumb/v7e-m/nofp/libg_nano.a(lib_a-nano-svfprintf.o)
 .debug_frame   0x000000000000145c       0x60 /usr/local/Cellar/arm-none-eabi-gcc/10.3-2021.07/gcc/bin/../lib/gcc/arm-none-eabi/10.3.1/../../../../arm-none-eabi/lib/thumb/v7e-m/nofp/libg_nano.a(lib_a-nano-vfprintf_i.o)
 .debug_frame   0x00000000000014bc       0x28 /usr/local/Cellar/arm-none-eabi-gcc/10.3-2021.07/gcc/bin/../lib/gcc/arm-none-eabi/10.3.1/../../../../arm-none-eabi/lib/thumb/v7e-m/nofp/libg_nano.a(lib_a-memcpy-stub.o)
 .debug_frame   0x00000000000014e4       0x28 /usr/local/Cellar/arm-none-eabi-gcc/10.3-2021.07/gcc/bin/../lib/gcc/arm-none-eabi/10.3.1/../../../../arm-none-eabi/lib/thumb/v7e-m/nofp/libg_nano.a(lib_a-memmove.o)
 .debug_frame   0x000000000000150c       0x38 /usr/local/Cellar/arm-none-eabi-gcc/10.3-2021.07/gcc/bin/../lib/gcc/arm-none-eabi/10.3.1/../../../../arm-none-eabi/lib/thumb/v7e-m/nofp/libg_nano.a(lib_a-nano-freer.o)
 .debug_frame   0x0000000000001544       0x4c /usr/local/Cellar/arm-none-eabi-gcc/10.3-2021.07/gcc/bin/../lib/gcc/arm-none-eabi/10.3.1/../../../../arm-none-eabi/lib/thumb/v7e-m/nofp/libg_nano.a(lib_a-nano-mallocr.o)
 .debug_frame   0x0000000000001590       0x3c /usr/local/Cellar/arm-none-eabi-gcc/10.3-2021.07/gcc/bin/../lib/gcc/arm-none-eabi/10.3.1/../../../../arm-none-eabi/lib/thumb/v7e-m/nofp/libg_nano.a(lib_a-nano-reallocr.o)
 .debug_frame   0x00000000000015cc       0x2c /usr/local/Cellar/arm-none-eabi-gcc/10.3-2021.07/gcc/bin/../lib/gcc/arm-none-eabi/10.3.1/../../../../arm-none-eabi/lib/thumb/v7e-m/nofp/libg_nano.a(lib_a-sbrkr.o)
 .debug_frame   0x00000000000015f8       0x30 /usr/local/Cellar/arm-none-eabi-gcc/10.3-2021.07/gcc/bin/../lib/gcc/arm-none-eabi/10.3.1/../../../../arm-none-eabi/lib/thumb/v7e-m/nofp/libg_nano.a(lib_a-mlock.o)
 .debug_frame   0x0000000000001628       0x20 /usr/local/Cellar/arm-none-eabi-gcc/10.3-2021.07/gcc/bin/../lib/gcc/arm-none-eabi/10.3.1/../../../../arm-none-eabi/lib/thumb/v7e-m/nofp/libg_nano.a(lib_a-nano-msizer.o)
 .debug_frame   0x0000000000001648       0x5c /usr/local/Cellar/arm-none-eabi-gcc/10.3-2021.07/gcc/bin/../lib/gcc/arm-none-eabi/10.3.1/../../../../arm-none-eabi/lib/thumb/v7e-m/nofp/libg_nano.a(lib_a-reent.o)
 .debug_frame   0x00000000000016a4       0xb0 /usr/local/Cellar/arm-none-eabi-gcc/10.3-2021.07/gcc/bin/../lib/gcc/arm-none-eabi/10.3.1/../../../../arm-none-eabi/lib/thumb/v7e-m/nofp/libg_nano.a(lib_a-lock.o)
 .debug_frame   0x0000000000001754       0x20 /usr/local/Cellar/arm-none-eabi-gcc/10.3-2021.07/gcc/bin/../lib/gcc/arm-none-eabi/10.3.1/../../../../arm-none-eabi/lib/thumb/v7e-m/nofp/libnosys.a(sbrk.o)
